stm32f4xx_hal_i2s.c:1501:26:I2S_WaitFlagStateUntilTimeout.constprop	24	static
stm32f4xx_hal_i2s.c:440:14:HAL_I2S_MspInit	0	static
stm32f4xx_hal_i2s.c:455:14:HAL_I2S_MspDeInit	0	static
stm32f4xx_hal_i2s.c:412:19:HAL_I2S_DeInit	8	static
stm32f4xx_hal_i2s.c:728:19:HAL_I2S_Transmit_IT	0	static
stm32f4xx_hal_i2s.c:795:19:HAL_I2S_Receive_IT	0	static
stm32f4xx_hal_i2s.c:860:19:HAL_I2S_Transmit_DMA	16	static
stm32f4xx_hal_i2s.c:943:19:HAL_I2S_Receive_DMA	24	static
stm32f4xx_hal_i2s.c:1025:19:HAL_I2S_DMAPause	0	static
stm32f4xx_hal_i2s.c:1061:19:HAL_I2S_DMAResume	0	static
stm32f4xx_hal_i2s.c:1111:19:HAL_I2S_DMAStop	16	static
stm32f4xx_hal_i2s.c:1165:6:HAL_I2S_IRQHandler	0	static
stm32f4xx_hal_i2s.c:1177:14:HAL_I2S_TxHalfCpltCallback	0	static
stm32f4xx_hal_i2s.c:1323:13:I2S_DMATxHalfCplt	8	static
stm32f4xx_hal_i2s.c:1192:14:HAL_I2S_TxCpltCallback	0	static
stm32f4xx_hal_i2s.c:1303:13:I2S_DMATxCplt	8	static
stm32f4xx_hal_i2s.c:1207:13:HAL_I2S_RxHalfCpltCallback	0	static
stm32f4xx_hal_i2s.c:1356:13:I2S_DMARxHalfCplt	8	static
stm32f4xx_hal_i2s.c:1222:13:HAL_I2S_RxCpltCallback	0	static
stm32f4xx_hal_i2s.c:1336:13:I2S_DMARxCplt	8	static
stm32f4xx_hal_i2s.c:1237:14:HAL_I2S_ErrorCallback	0	static
stm32f4xx_hal_i2s.c:215:19:HAL_I2S_Init	16	static
stm32f4xx_hal_i2s.c:1434:13:I2S_IRQHandler	24	static
stm32f4xx_hal_i2s.c:524:19:HAL_I2S_Transmit	24	static
stm32f4xx_hal_i2s.c:623:19:HAL_I2S_Receive	24	static
stm32f4xx_hal_i2s.c:1369:13:I2S_DMAError	8	static
stm32f4xx_hal_i2s.c:1271:22:HAL_I2S_GetState	0	static
stm32f4xx_hal_i2s.c:1282:10:HAL_I2S_GetError	0	static
