stm32f4xx_hal_i2s_ex.c:1003:13:I2SEx_TxRxDMAError	0	static
stm32f4xx_hal_i2s_ex.c:1122:26:I2SEx_FullDuplexWaitFlagStateUntilTimeout.constprop	32	static
stm32f4xx_hal_i2s_ex.c:215:19:HAL_I2SEx_TransmitReceive	56	static
stm32f4xx_hal_i2s_ex.c:625:19:HAL_I2SEx_TransmitReceive_DMA	32	static
stm32f4xx_hal_i2s_ex.c:887:13:HAL_I2SEx_TxRxHalfCpltCallback	0	static
stm32f4xx_hal_i2s_ex.c:930:13:I2SEx_TxRxDMAHalfCplt	8	static
stm32f4xx_hal_i2s_ex.c:902:13:HAL_I2SEx_TxRxCpltCallback	0	static
stm32f4xx_hal_i2s_ex.c:469:19:HAL_I2SEx_TransmitReceive_IT	16	static
stm32f4xx_hal_i2s_ex.c:943:13:I2SEx_TxRxDMACplt	16	static
stm32f4xx_hal_i2s_ex.c:762:6:HAL_I2SEx_FullDuplex_IRQHandler	24	static
