stm32f4xx_hal_i2c.c:5462:26:I2C_IsAcknowledgeFailed	0	static
stm32f4xx_hal_i2c.c:5264:26:I2C_WaitOnMasterAddressFlagUntilTimeout	32	static
stm32f4xx_hal_i2c.c:5230:26:I2C_WaitOnFlagUntilTimeout	32	static
stm32f4xx_hal_i2c.c:5312:26:I2C_WaitOnTXEFlagUntilTimeout	16	static
stm32f4xx_hal_i2c.c:4873:26:I2C_RequestMemoryWrite	40	static
stm32f4xx_hal_i2c.c:4963:26:I2C_RequestMemoryRead	40	static
stm32f4xx_hal_i2c.c:5420:26:I2C_WaitOnRXNEFlagUntilTimeout	16	static
stm32f4xx_hal_i2c.c:5349:26:I2C_WaitOnBTFFlagUntilTimeout	16	static
stm32f4xx_hal_i2c.c:472:14:HAL_I2C_MspInit	0	static
stm32f4xx_hal_i2c.c:354:19:HAL_I2C_Init	16	static
stm32f4xx_hal_i2c.c:487:14:HAL_I2C_MspDeInit	0	static
stm32f4xx_hal_i2c.c:436:19:HAL_I2C_DeInit	8	static
stm32f4xx_hal_i2c.c:575:19:HAL_I2C_Master_Transmit	40	static
stm32f4xx_hal_i2c.c:707:19:HAL_I2C_Master_Receive	64	static
stm32f4xx_hal_i2c.c:938:19:HAL_I2C_Slave_Transmit	40	static
stm32f4xx_hal_i2c.c:1067:19:HAL_I2C_Slave_Receive	40	static
stm32f4xx_hal_i2c.c:1194:19:HAL_I2C_Master_Transmit_IT	24	static
stm32f4xx_hal_i2c.c:1271:19:HAL_I2C_Master_Receive_IT	24	static
stm32f4xx_hal_i2c.c:1354:19:HAL_I2C_Master_Sequential_Transmit_IT	24	static
stm32f4xx_hal_i2c.c:1457:19:HAL_I2C_Master_Sequential_Receive_IT	24	static
stm32f4xx_hal_i2c.c:1558:19:HAL_I2C_Slave_Transmit_IT	16	static
stm32f4xx_hal_i2c.c:1638:19:HAL_I2C_Slave_Receive_IT	16	static
stm32f4xx_hal_i2c.c:1720:19:HAL_I2C_Slave_Sequential_Transmit_IT	24	static
stm32f4xx_hal_i2c.c:1786:19:HAL_I2C_Slave_Sequential_Receive_IT	24	static
stm32f4xx_hal_i2c.c:1848:19:HAL_I2C_EnableListen_IT	0	static
stm32f4xx_hal_i2c.c:1881:19:HAL_I2C_DisableListen_IT	0	static
stm32f4xx_hal_i2c.c:1918:19:HAL_I2C_Master_Transmit_DMA	24	static
stm32f4xx_hal_i2c.c:2038:19:HAL_I2C_Master_Receive_DMA	24	static
stm32f4xx_hal_i2c.c:2206:19:HAL_I2C_Slave_Transmit_DMA	24	static
stm32f4xx_hal_i2c.c:2303:19:HAL_I2C_Slave_Receive_DMA	24	static
stm32f4xx_hal_i2c.c:2403:19:HAL_I2C_Mem_Write	40	static
stm32f4xx_hal_i2c.c:2536:19:HAL_I2C_Mem_Read	56	static
stm32f4xx_hal_i2c.c:2769:19:HAL_I2C_Mem_Write_IT	32	static
stm32f4xx_hal_i2c.c:2854:19:HAL_I2C_Mem_Read_IT	32	static
stm32f4xx_hal_i2c.c:2944:19:HAL_I2C_Mem_Write_DMA	56	static
stm32f4xx_hal_i2c.c:3066:19:HAL_I2C_Mem_Read_DMA	56	static
stm32f4xx_hal_i2c.c:3228:19:HAL_I2C_IsDeviceReady	56	static
stm32f4xx_hal_i2c.c:3531:13:HAL_I2C_MasterTxCpltCallback	0	static
stm32f4xx_hal_i2c.c:3547:13:HAL_I2C_MasterRxCpltCallback	0	static
stm32f4xx_hal_i2c.c:3562:13:HAL_I2C_SlaveTxCpltCallback	0	static
stm32f4xx_hal_i2c.c:3578:13:HAL_I2C_SlaveRxCpltCallback	0	static
stm32f4xx_hal_i2c.c:3596:13:HAL_I2C_AddrCallback	0	static
stm32f4xx_hal_i2c.c:3614:13:HAL_I2C_ListenCpltCallback	0	static
stm32f4xx_hal_i2c.c:3630:13:HAL_I2C_MemTxCpltCallback	0	static
stm32f4xx_hal_i2c.c:3646:13:HAL_I2C_MemRxCpltCallback	0	static
stm32f4xx_hal_i2c.c:3662:13:HAL_I2C_ErrorCallback	0	static
stm32f4xx_hal_i2c.c:5154:13:I2C_DMAError	8	static
stm32f4xx_hal_i2c.c:5090:13:I2C_DMAXferCplt	8	static
stm32f4xx_hal_i2c.c:3678:13:HAL_I2C_AbortCpltCallback	0	static
stm32f4xx_hal_i2c.c:4562:13:I2C_ITError	8	static
stm32f4xx_hal_i2c.c:2157:19:HAL_I2C_Master_Abort_IT	8	static
stm32f4xx_hal_i2c.c:3351:6:HAL_I2C_EV_IRQHandler	72	static
stm32f4xx_hal_i2c.c:3457:6:HAL_I2C_ER_IRQHandler	24	static
stm32f4xx_hal_i2c.c:5181:13:I2C_DMAAbort	8	static
stm32f4xx_hal_i2c.c:3713:22:HAL_I2C_GetState	0	static
stm32f4xx_hal_i2c.c:3725:21:HAL_I2C_GetMode	0	static
stm32f4xx_hal_i2c.c:3736:10:HAL_I2C_GetError	0	static
