Archive member included to satisfy reference by file (symbol)

c:/users/administrator/desktop/st/atollic/truestudio for stm32 9.0.0/armtools/bin/../lib/gcc/arm-atollic-eabi/6.3.1/../../../../arm-atollic-eabi/lib/armv7e-m/fpu\libc_nano.a(lib_a-init.o)
                              startup\startup_stm32f407xx.o (__libc_init_array)
c:/users/administrator/desktop/st/atollic/truestudio for stm32 9.0.0/armtools/bin/../lib/gcc/arm-atollic-eabi/6.3.1/../../../../arm-atollic-eabi/lib/armv7e-m/fpu\libc_nano.a(lib_a-malloc.o)
                              Middlewares\ST\STM32_USB_Device_Library\Class\CDC\Src\usbd_cdc.o (malloc)
c:/users/administrator/desktop/st/atollic/truestudio for stm32 9.0.0/armtools/bin/../lib/gcc/arm-atollic-eabi/6.3.1/../../../../arm-atollic-eabi/lib/armv7e-m/fpu\libc_nano.a(lib_a-memcpy-stub.o)
                              Middlewares\Third_Party\FreeRTOS\Source\queue.o (memcpy)
c:/users/administrator/desktop/st/atollic/truestudio for stm32 9.0.0/armtools/bin/../lib/gcc/arm-atollic-eabi/6.3.1/../../../../arm-atollic-eabi/lib/armv7e-m/fpu\libc_nano.a(lib_a-memset.o)
                              Src\main.o (memset)
c:/users/administrator/desktop/st/atollic/truestudio for stm32 9.0.0/armtools/bin/../lib/gcc/arm-atollic-eabi/6.3.1/../../../../arm-atollic-eabi/lib/armv7e-m/fpu\libc_nano.a(lib_a-nano-freer.o)
                              c:/users/administrator/desktop/st/atollic/truestudio for stm32 9.0.0/armtools/bin/../lib/gcc/arm-atollic-eabi/6.3.1/../../../../arm-atollic-eabi/lib/armv7e-m/fpu\libc_nano.a(lib_a-malloc.o) (_free_r)
c:/users/administrator/desktop/st/atollic/truestudio for stm32 9.0.0/armtools/bin/../lib/gcc/arm-atollic-eabi/6.3.1/../../../../arm-atollic-eabi/lib/armv7e-m/fpu\libc_nano.a(lib_a-nano-mallocr.o)
                              c:/users/administrator/desktop/st/atollic/truestudio for stm32 9.0.0/armtools/bin/../lib/gcc/arm-atollic-eabi/6.3.1/../../../../arm-atollic-eabi/lib/armv7e-m/fpu\libc_nano.a(lib_a-malloc.o) (_malloc_r)
c:/users/administrator/desktop/st/atollic/truestudio for stm32 9.0.0/armtools/bin/../lib/gcc/arm-atollic-eabi/6.3.1/../../../../arm-atollic-eabi/lib/armv7e-m/fpu\libc_nano.a(lib_a-sbrkr.o)
                              c:/users/administrator/desktop/st/atollic/truestudio for stm32 9.0.0/armtools/bin/../lib/gcc/arm-atollic-eabi/6.3.1/../../../../arm-atollic-eabi/lib/armv7e-m/fpu\libc_nano.a(lib_a-nano-mallocr.o) (_sbrk_r)
c:/users/administrator/desktop/st/atollic/truestudio for stm32 9.0.0/armtools/bin/../lib/gcc/arm-atollic-eabi/6.3.1/../../../../arm-atollic-eabi/lib/armv7e-m/fpu\libc_nano.a(lib_a-snprintf.o)
                              Src\main.o (snprintf)
c:/users/administrator/desktop/st/atollic/truestudio for stm32 9.0.0/armtools/bin/../lib/gcc/arm-atollic-eabi/6.3.1/../../../../arm-atollic-eabi/lib/armv7e-m/fpu\libc_nano.a(lib_a-strlen.o)
                              Src\main.o (strlen)
c:/users/administrator/desktop/st/atollic/truestudio for stm32 9.0.0/armtools/bin/../lib/gcc/arm-atollic-eabi/6.3.1/../../../../arm-atollic-eabi/lib/armv7e-m/fpu\libc_nano.a(lib_a-impure.o)
                              c:/users/administrator/desktop/st/atollic/truestudio for stm32 9.0.0/armtools/bin/../lib/gcc/arm-atollic-eabi/6.3.1/../../../../arm-atollic-eabi/lib/armv7e-m/fpu\libc_nano.a(lib_a-malloc.o) (_impure_ptr)
c:/users/administrator/desktop/st/atollic/truestudio for stm32 9.0.0/armtools/bin/../lib/gcc/arm-atollic-eabi/6.3.1/../../../../arm-atollic-eabi/lib/armv7e-m/fpu\libc_nano.a(lib_a-mlock.o)
                              c:/users/administrator/desktop/st/atollic/truestudio for stm32 9.0.0/armtools/bin/../lib/gcc/arm-atollic-eabi/6.3.1/../../../../arm-atollic-eabi/lib/armv7e-m/fpu\libc_nano.a(lib_a-nano-freer.o) (__malloc_lock)
c:/users/administrator/desktop/st/atollic/truestudio for stm32 9.0.0/armtools/bin/../lib/gcc/arm-atollic-eabi/6.3.1/../../../../arm-atollic-eabi/lib/armv7e-m/fpu\libc_nano.a(lib_a-nano-svfprintf.o)
                              c:/users/administrator/desktop/st/atollic/truestudio for stm32 9.0.0/armtools/bin/../lib/gcc/arm-atollic-eabi/6.3.1/../../../../arm-atollic-eabi/lib/armv7e-m/fpu\libc_nano.a(lib_a-snprintf.o) (_svfprintf_r)
c:/users/administrator/desktop/st/atollic/truestudio for stm32 9.0.0/armtools/bin/../lib/gcc/arm-atollic-eabi/6.3.1/../../../../arm-atollic-eabi/lib/armv7e-m/fpu\libc_nano.a(lib_a-nano-vfprintf_i.o)
                              c:/users/administrator/desktop/st/atollic/truestudio for stm32 9.0.0/armtools/bin/../lib/gcc/arm-atollic-eabi/6.3.1/../../../../arm-atollic-eabi/lib/armv7e-m/fpu\libc_nano.a(lib_a-nano-svfprintf.o) (_printf_i)
c:/users/administrator/desktop/st/atollic/truestudio for stm32 9.0.0/armtools/bin/../lib/gcc/arm-atollic-eabi/6.3.1/../../../../arm-atollic-eabi/lib/armv7e-m/fpu\libc_nano.a(lib_a-reent.o)
[...]
Memory Configuration

Name             Origin             Length             Attributes
RAM              0x20000000         0x00020000         xrw
CCMRAM           0x10000000         0x00010000         rw
FLASH            0x08000000         0x00100000         xr
*default*        0x00000000         0xffffffff

Linker script and memory map

LOAD c:/users/administrator/desktop/st/atollic/truestudio for stm32 9.0.0/armtools/bin/../lib/gcc/arm-atollic-eabi/6.3.1/armv7e-m/fpu/crti.o
LOAD c:/users/administrator/desktop/st/atollic/truestudio for stm32 9.0.0/armtools/bin/../lib/gcc/arm-atollic-eabi/6.3.1/armv7e-m/fpu/crtbegin.o
LOAD Drivers\BSP\Components\cs43l22\cs43l22.o
LOAD Drivers\BSP\Components\exc7200\exc7200.o
LOAD Drivers\BSP\Components\ft6x06\ft6x06.o
LOAD Drivers\BSP\Components\ili9325\ili9325.o
LOAD Drivers\BSP\Components\ili9341\ili9341.o
LOAD Drivers\BSP\Components\l3gd20\l3gd20.o
LOAD Drivers\BSP\Components\lis302dl\lis302dl.o
LOAD Drivers\BSP\Components\lis3dsh\lis3dsh.o
LOAD Drivers\BSP\Components\ls016b8uy\ls016b8uy.o
LOAD Drivers\BSP\Components\lsm303dlhc\lsm303dlhc.o
LOAD Drivers\BSP\Components\mfxstm32l152\mfxstm32l152.o
LOAD Drivers\BSP\Components\otm8009a\otm8009a.o
LOAD Drivers\BSP\Components\ov2640\ov2640.o
LOAD Drivers\BSP\Components\s5k5cag\s5k5cag.o
LOAD Drivers\BSP\Components\st7735\st7735.o
LOAD Drivers\BSP\Components\st7789h2\st7789h2.o
LOAD Drivers\BSP\Components\stmpe1600\stmpe1600.o
LOAD Drivers\BSP\Components\stmpe811\stmpe811.o
LOAD Drivers\BSP\Components\ts3510\ts3510.o
LOAD Drivers\BSP\Components\wm8994\wm8994.o
LOAD Drivers\BSP\STM32F4-Discovery\stm32f4_discovery.o
LOAD Drivers\BSP\STM32F4-Discovery\stm32f4_discovery_accelerometer.o
LOAD Drivers\STM32F4xx_HAL_Driver\Src\stm32f4xx_hal.o
LOAD Drivers\STM32F4xx_HAL_Driver\Src\stm32f4xx_hal_cortex.o
LOAD Drivers\STM32F4xx_HAL_Driver\Src\stm32f4xx_hal_dma.o
LOAD Drivers\STM32F4xx_HAL_Driver\Src\stm32f4xx_hal_dma_ex.o
LOAD Drivers\STM32F4xx_HAL_Driver\Src\stm32f4xx_hal_flash.o
LOAD Drivers\STM32F4xx_HAL_Driver\Src\stm32f4xx_hal_flash_ex.o
LOAD Drivers\STM32F4xx_HAL_Driver\Src\stm32f4xx_hal_flash_ramfunc.o
LOAD Drivers\STM32F4xx_HAL_Driver\Src\stm32f4xx_hal_gpio.o
LOAD Drivers\STM32F4xx_HAL_Driver\Src\stm32f4xx_hal_i2c.o
LOAD Drivers\STM32F4xx_HAL_Driver\Src\stm32f4xx_hal_i2c_ex.o
LOAD Drivers\STM32F4xx_HAL_Driver\Src\stm32f4xx_hal_i2s.o
LOAD Drivers\STM32F4xx_HAL_Driver\Src\stm32f4xx_hal_i2s_ex.o
LOAD Drivers\STM32F4xx_HAL_Driver\Src\stm32f4xx_hal_pcd.o
LOAD Drivers\STM32F4xx_HAL_Driver\Src\stm32f4xx_hal_pcd_ex.o
LOAD Drivers\STM32F4xx_HAL_Driver\Src\stm32f4xx_hal_pwr.o
LOAD Drivers\STM32F4xx_HAL_Driver\Src\stm32f4xx_hal_pwr_ex.o
LOAD Drivers\STM32F4xx_HAL_Driver\Src\stm32f4xx_hal_rcc.o
LOAD Drivers\STM32F4xx_HAL_Driver\Src\stm32f4xx_hal_rcc_ex.o
LOAD Drivers\STM32F4xx_HAL_Driver\Src\stm32f4xx_hal_spi.o
LOAD Drivers\STM32F4xx_HAL_Driver\Src\stm32f4xx_hal_tim.o
LOAD Drivers\STM32F4xx_HAL_Driver\Src\stm32f4xx_hal_tim_ex.o
LOAD Drivers\STM32F4xx_HAL_Driver\Src\stm32f4xx_ll_usb.o
LOAD Middlewares\ST\STM32_USB_Device_Library\Class\CDC\Src\usbd_cdc.o
LOAD Middlewares\ST\STM32_USB_Device_Library\Core\Src\usbd_core.o
LOAD Middlewares\ST\STM32_USB_Device_Library\Core\Src\usbd_ctlreq.o
LOAD Middlewares\ST\STM32_USB_Device_Library\Core\Src\usbd_ioreq.o
LOAD Middlewares\Third_Party\FreeRTOS\Source\CMSIS_RTOS\cmsis_os.o
LOAD Middlewares\Third_Party\FreeRTOS\Source\croutine.o
LOAD Middlewares\Third_Party\FreeRTOS\Source\event_groups.o
LOAD Middlewares\Third_Party\FreeRTOS\Source\list.o
LOAD Middlewares\Third_Party\FreeRTOS\Source\portable\GCC\ARM_CM4F\port.o
LOAD Middlewares\Third_Party\FreeRTOS\Source\portable\MemMang\heap_4.o
LOAD Middlewares\Third_Party\FreeRTOS\Source\queue.o
LOAD Middlewares\Third_Party\FreeRTOS\Source\tasks.o
LOAD Middlewares\Third_Party\FreeRTOS\Source\timers.o
LOAD Src\freertos.o
LOAD Src\main.o
LOAD Src\stm32f4xx_hal_msp.o
LOAD Src\stm32f4xx_hal_timebase_TIM.o
LOAD Src\stm32f4xx_it.o
LOAD Src\system_stm32f4xx.o
LOAD Src\usb_device.o
LOAD Src\usbd_cdc_if.o
LOAD Src\usbd_conf.o
LOAD Src\usbd_desc.o
LOAD startup\startup_stm32f407xx.o
                0x00000080                malloc_getpagesize_P = 0x80
START GROUP
LOAD c:/users/administrator/desktop/st/atollic/truestudio for stm32 9.0.0/armtools/bin/../lib/gcc/arm-atollic-eabi/6.3.1/../../../../arm-atollic-eabi/lib/armv7e-m/fpu\libc_nano.a
LOAD c:/users/administrator/desktop/st/atollic/truestudio for stm32 9.0.0/armtools/bin/../lib/gcc/arm-atollic-eabi/6.3.1/../../../../arm-atollic-eabi/lib/armv7e-m/fpu\libm.a
END GROUP
START GROUP
LOAD c:/users/administrator/desktop/st/atollic/truestudio for stm32 9.0.0/armtools/bin/../lib/gcc/arm-atollic-eabi/6.3.1/armv7e-m/fpu\libgcc.a
LOAD c:/users/administrator/desktop/st/atollic/truestudio for stm32 9.0.0/armtools/bin/../lib/gcc/arm-atollic-eabi/6.3.1/../../../../arm-atollic-eabi/lib/armv7e-m/fpu\libc_nano.a
END GROUP
START GROUP
LOAD c:/users/administrator/desktop/st/atollic/truestudio for stm32 9.0.0/armtools/bin/../lib/gcc/arm-atollic-eabi/6.3.1/armv7e-m/fpu\libgcc.a
LOAD c:/users/administrator/desktop/st/atollic/truestudio for stm32 9.0.0/armtools/bin/../lib/gcc/arm-atollic-eabi/6.3.1/../../../../arm-atollic-eabi/lib/armv7e-m/fpu\libc_nano.a
LOAD c:/users/administrator/desktop/st/atollic/truestudio for stm32 9.0.0/armtools/bin/../lib/gcc/arm-atollic-eabi/6.3.1/../../../../arm-atollic-eabi/lib/armv7e-m/fpu\libnosys.a
END GROUP
START GROUP
LOAD c:/users/administrator/desktop/st/atollic/truestudio for stm32 9.0.0/armtools/bin/../lib/gcc/arm-atollic-eabi/6.3.1/armv7e-m/fpu\libgcc.a
LOAD c:/users/administrator/desktop/st/atollic/truestudio for stm32 9.0.0/armtools/bin/../lib/gcc/arm-atollic-eabi/6.3.1/../../../../arm-atollic-eabi/lib/armv7e-m/fpu\libc_nano.a
LOAD c:/users/administrator/desktop/st/atollic/truestudio for stm32 9.0.0/armtools/bin/../lib/gcc/arm-atollic-eabi/6.3.1/../../../../arm-atollic-eabi/lib/armv7e-m/fpu\libnosys.a
END GROUP
LOAD c:/users/administrator/desktop/st/atollic/truestudio for stm32 9.0.0/armtools/bin/../lib/gcc/arm-atollic-eabi/6.3.1/armv7e-m/fpu/crtend.o
LOAD c:/users/administrator/desktop/st/atollic/truestudio for stm32 9.0.0/armtools/bin/../lib/gcc/arm-atollic-eabi/6.3.1/armv7e-m/fpu/crtn.o
                0x20020000                _estack = 0x20020000
                0x00000200                _Min_Heap_Size = 0x200
                0x00000400                _Min_Stack_Size = 0x400

.isr_vector     0x08000000      0x188
                0x08000000                . = ALIGN (0x4)
 *(.isr_vector)
 .isr_vector    0x08000000      0x188 startup\startup_stm32f407xx.o
                0x08000000                g_pfnVectors
                0x08000188                . = ALIGN (0x4)

.text           0x08000190     0x69c4
                0x08000190                . = ALIGN (0x4)
 *(.text)
 .text          0x08000190       0x40 c:/users/administrator/desktop/st/atollic/truestudio for stm32 9.0.0/armtools/bin/../lib/gcc/arm-atollic-eabi/6.3.1/armv7e-m/fpu/crtbegin.o
 .text          0x080001d0       0x10 c:/users/administrator/desktop/st/atollic/truestudio for stm32 9.0.0/armtools/bin/../lib/gcc/arm-atollic-eabi/6.3.1/../../../../arm-atollic-eabi/lib/armv7e-m/fpu\libc_nano.a(lib_a-strlen.o)
                0x080001d0                strlen
 .text          0x080001e0       0xa0 c:/users/administrator/desktop/st/atollic/truestudio for stm32 9.0.0/armtools/bin/../lib/gcc/arm-atollic-eabi/6.3.1/../../../../arm-atollic-eabi/lib/armv7e-m/fpu\libc_nano.a(lib_a-memchr.o)
                0x080001e0                memchr
 .text          0x08000280       0x30 c:/users/administrator/desktop/st/atollic/truestudio for stm32 9.0.0/armtools/bin/../lib/gcc/arm-atollic-eabi/6.3.1/armv7e-m/fpu\libgcc.a(_aeabi_uldivmod.o)
                0x08000280                __aeabi_uldivmod
 .text          0x080002b0      0x2dc c:/users/administrator/desktop/st/atollic/truestudio for stm32 9.0.0/armtools/bin/../lib/gcc/arm-atollic-eabi/6.3.1/armv7e-m/fpu\libgcc.a(_udivmoddi4.o)
                0x080002b0                __udivmoddi4
 .text          0x0800058c        0x4 c:/users/administrator/desktop/st/atollic/truestudio for stm32 9.0.0/armtools/bin/../lib/gcc/arm-atollic-eabi/6.3.1/armv7e-m/fpu\libgcc.a(_dvmd_tls.o)
                0x0800058c                __aeabi_idiv0
                0x0800058c                __aeabi_ldiv0
 *(.text*)
 .text.LIS302DL_DeInit
                0x08000590        0x2 Drivers\BSP\Components\lis302dl\lis302dl.o
                0x08000590                LIS302DL_DeInit
 .text.LIS302DL_Init
                0x08000592       0x20 Drivers\BSP\Components\lis302dl\lis302dl.o
                0x08000592                LIS302DL_Init
 .text.LIS302DL_ReadID
                0x080005b2       0x20 Drivers\BSP\Components\lis302dl\lis302dl.o
                0x080005b2                LIS302DL_ReadID
 .text.LIS302DL_FilterConfig
                0x080005d2       0x32 Drivers\BSP\Components\lis302dl\lis302dl.o
                0x080005d2                LIS302DL_FilterConfig
 .text.LIS302DL_Click_IntClear
                0x08000604       0x22 Drivers\BSP\Components\lis302dl\lis302dl.o
                0x08000604                LIS302DL_Click_IntClear
 .text.LIS302DL_RebootCmd
                0x08000626       0x2c Drivers\BSP\Components\lis302dl\lis302dl.o
                0x08000626                LIS302DL_RebootCmd
 .text.LIS302DL_ReadACC
                0x08000652       0x4c Drivers\BSP\Components\lis302dl\lis302dl.o
                0x08000652                LIS302DL_ReadACC
 .text.LIS302DL_InterruptConfig
                0x0800069e       0x32 Drivers\BSP\Components\lis302dl\lis302dl.o
                0x0800069e                LIS302DL_InterruptConfig
 .text.LIS302DL_Click_IntConfig
                0x080006d0       0xa8 Drivers\BSP\Components\lis302dl\lis302dl.o
                0x080006d0                LIS302DL_Click_IntConfig
 .text.LIS3DSH_DeInit
                0x08000778        0x2 Drivers\BSP\Components\lis3dsh\lis3dsh.o
                0x08000778                LIS3DSH_DeInit
 .text.LIS3DSH_Init
                0x0800077a       0x32 Drivers\BSP\Components\lis3dsh\lis3dsh.o
                0x0800077a                LIS3DSH_Init
 .text.LIS3DSH_ReadID
                0x080007ac       0x20 Drivers\BSP\Components\lis3dsh\lis3dsh.o
                0x080007ac                LIS3DSH_ReadID
 .text.LIS3DSH_RebootCmd
                0x080007cc       0x2c Drivers\BSP\Components\lis3dsh\lis3dsh.o
                0x080007cc                LIS3DSH_RebootCmd
 .text.LIS3DSH_ReadACC
                0x080007f8       0xac Drivers\BSP\Components\lis3dsh\lis3dsh.o
                0x080007f8                LIS3DSH_ReadACC
 .text.LIS3DSH_InterruptConfig
                0x080008a4       0x4a Drivers\BSP\Components\lis3dsh\lis3dsh.o
                0x080008a4                LIS3DSH_InterruptConfig
 .text.LIS3DSH_Click_IntConfig
                0x080008ee       0xd8 Drivers\BSP\Components\lis3dsh\lis3dsh.o
                0x080008ee                LIS3DSH_Click_IntConfig
 *fill*         0x080009c6        0x2 
 .text.SPIx_Init
                0x080009c8       0x94 Drivers\BSP\STM32F4-Discovery\stm32f4_discovery.o
 .text.SPIx_WriteRead
                0x08000a5c       0x40 Drivers\BSP\STM32F4-Discovery\stm32f4_discovery.o
 .text.BSP_LED_On
                0x08000a9c       0x1c Drivers\BSP\STM32F4-Discovery\stm32f4_discovery.o
                0x08000a9c                BSP_LED_On
 .text.BSP_LED_Off
                0x08000ab8       0x1c Drivers\BSP\STM32F4-Discovery\stm32f4_discovery.o
                0x08000ab8                BSP_LED_Off
 .text.ACCELERO_IO_Init
                0x08000ad4       0x4c Drivers\BSP\STM32F4-Discovery\stm32f4_discovery.o
                0x08000ad4                ACCELERO_IO_Init
 .text.ACCELERO_IO_ITConfig
                0x08000b20       0x50 Drivers\BSP\STM32F4-Discovery\stm32f4_discovery.o
                0x08000b20                ACCELERO_IO_ITConfig
 .text.ACCELERO_IO_Write
                0x08000b70       0x44 Drivers\BSP\STM32F4-Discovery\stm32f4_discovery.o
                0x08000b70                ACCELERO_IO_Write
 .text.ACCELERO_IO_Read
                0x08000bb4       0x48 Drivers\BSP\STM32F4-Discovery\stm32f4_discovery.o
                0x08000bb4                ACCELERO_IO_Read
 .text.BSP_ACCELERO_Init
                0x08000bfc       0x48 Drivers\BSP\STM32F4-Discovery\stm32f4_discovery_accelerometer.o
                0x08000bfc                BSP_ACCELERO_Init
 .text.BSP_ACCELERO_GetXYZ
                0x08000c44       0x40 Drivers\BSP\STM32F4-Discovery\stm32f4_discovery_accelerometer.o
                0x08000c44                BSP_ACCELERO_GetXYZ
 .text.HAL_Init
                0x08000c84       0x34 Drivers\STM32F4xx_HAL_Driver\Src\stm32f4xx_hal.o
                0x08000c84                HAL_Init
 .text.HAL_IncTick
                0x08000cb8       0x18 Drivers\STM32F4xx_HAL_Driver\Src\stm32f4xx_hal.o
                0x08000cb8                HAL_IncTick
 .text.HAL_GetTick
                0x08000cd0        0xc Drivers\STM32F4xx_HAL_Driver\Src\stm32f4xx_hal.o
                0x08000cd0                HAL_GetTick
 .text.HAL_Delay
                0x08000cdc       0x28 Drivers\STM32F4xx_HAL_Driver\Src\stm32f4xx_hal.o
                0x08000cdc                HAL_Delay
 .text.HAL_NVIC_SetPriorityGrouping
                0x08000d04       0x24 Drivers\STM32F4xx_HAL_Driver\Src\stm32f4xx_hal_cortex.o
                0x08000d04                HAL_NVIC_SetPriorityGrouping
 .text.HAL_NVIC_SetPriority
                0x08000d28       0x68 Drivers\STM32F4xx_HAL_Driver\Src\stm32f4xx_hal_cortex.o
                0x08000d28                HAL_NVIC_SetPriority
 .text.HAL_NVIC_EnableIRQ
                0x08000d90       0x18 Drivers\STM32F4xx_HAL_Driver\Src\stm32f4xx_hal_cortex.o
                0x08000d90                HAL_NVIC_EnableIRQ
 .text.HAL_SYSTICK_Config
                0x08000da8       0x2c Drivers\STM32F4xx_HAL_Driver\Src\stm32f4xx_hal_cortex.o
                0x08000da8                HAL_SYSTICK_Config
 .text.HAL_SYSTICK_CLKSourceConfig
                0x08000dd4       0x18 Drivers\STM32F4xx_HAL_Driver\Src\stm32f4xx_hal_cortex.o
                0x08000dd4                HAL_SYSTICK_CLKSourceConfig
 .text.HAL_GPIO_Init
                0x08000dec      0x1c0 Drivers\STM32F4xx_HAL_Driver\Src\stm32f4xx_hal_gpio.o
                0x08000dec                HAL_GPIO_Init
 .text.HAL_GPIO_DeInit
                0x08000fac      0x130 Drivers\STM32F4xx_HAL_Driver\Src\stm32f4xx_hal_gpio.o
                0x08000fac                HAL_GPIO_DeInit
 .text.HAL_GPIO_WritePin
                0x080010dc        0xa Drivers\STM32F4xx_HAL_Driver\Src\stm32f4xx_hal_gpio.o
                0x080010dc                HAL_GPIO_WritePin
 *fill*         0x080010e6        0x2 
 .text.HAL_I2C_Init
                0x080010e8       0xdc Drivers\STM32F4xx_HAL_Driver\Src\stm32f4xx_hal_i2c.o
                0x080010e8                HAL_I2C_Init
 .text.HAL_I2S_TxCpltCallback
                0x080011c4        0x2 Drivers\STM32F4xx_HAL_Driver\Src\stm32f4xx_hal_i2s.o
                0x080011c4                HAL_I2S_TxCpltCallback
 .text.HAL_I2S_RxCpltCallback
                0x080011c6        0x2 Drivers\STM32F4xx_HAL_Driver\Src\stm32f4xx_hal_i2s.o
                0x080011c6                HAL_I2S_RxCpltCallback
 .text.HAL_I2S_ErrorCallback
                0x080011c8        0x2 Drivers\STM32F4xx_HAL_Driver\Src\stm32f4xx_hal_i2s.o
                0x080011c8                HAL_I2S_ErrorCallback
 *fill*         0x080011ca        0x2 
 .text.HAL_I2S_Init
                0x080011cc      0x120 Drivers\STM32F4xx_HAL_Driver\Src\stm32f4xx_hal_i2s.o
                0x080011cc                HAL_I2S_Init
 .text.I2S_IRQHandler
                0x080012ec      0x10a Drivers\STM32F4xx_HAL_Driver\Src\stm32f4xx_hal_i2s.o
 .text.HAL_I2SEx_TxRxCpltCallback
                0x080013f6        0x2 Drivers\STM32F4xx_HAL_Driver\Src\stm32f4xx_hal_i2s_ex.o
                0x080013f6                HAL_I2SEx_TxRxCpltCallback
 .text.HAL_I2SEx_FullDuplex_IRQHandler
                0x080013f8      0x258 Drivers\STM32F4xx_HAL_Driver\Src\stm32f4xx_hal_i2s_ex.o
                0x080013f8                HAL_I2SEx_FullDuplex_IRQHandler
 .text.HAL_PCD_Init
                0x08001650       0xd8 Drivers\STM32F4xx_HAL_Driver\Src\stm32f4xx_hal_pcd.o
                0x08001650                HAL_PCD_Init
 .text.HAL_PCD_Start
                0x08001728       0x2a Drivers\STM32F4xx_HAL_Driver\Src\stm32f4xx_hal_pcd.o
                0x08001728                HAL_PCD_Start
 *fill*         0x08001752        0x2 
 .text.HAL_PCD_IRQHandler
                0x08001754      0x558 Drivers\STM32F4xx_HAL_Driver\Src\stm32f4xx_hal_pcd.o
                0x08001754                HAL_PCD_IRQHandler
 .text.HAL_PCD_SetAddress
                0x08001cac       0x24 Drivers\STM32F4xx_HAL_Driver\Src\stm32f4xx_hal_pcd.o
                0x08001cac                HAL_PCD_SetAddress
 .text.HAL_PCD_EP_Open
                0x08001cd0       0x5c Drivers\STM32F4xx_HAL_Driver\Src\stm32f4xx_hal_pcd.o
                0x08001cd0                HAL_PCD_EP_Open
 .text.HAL_PCD_EP_Close
                0x08001d2c       0x46 Drivers\STM32F4xx_HAL_Driver\Src\stm32f4xx_hal_pcd.o
                0x08001d2c                HAL_PCD_EP_Close
 .text.HAL_PCD_EP_Receive
                0x08001d72       0x48 Drivers\STM32F4xx_HAL_Driver\Src\stm32f4xx_hal_pcd.o
                0x08001d72                HAL_PCD_EP_Receive
 .text.HAL_PCD_EP_GetRxCount
                0x08001dba       0x10 Drivers\STM32F4xx_HAL_Driver\Src\stm32f4xx_hal_pcd.o
                0x08001dba                HAL_PCD_EP_GetRxCount
 .text.HAL_PCD_EP_Transmit
                0x08001dca       0x40 Drivers\STM32F4xx_HAL_Driver\Src\stm32f4xx_hal_pcd.o
                0x08001dca                HAL_PCD_EP_Transmit
 .text.HAL_PCD_EP_SetStall
                0x08001e0a       0x58 Drivers\STM32F4xx_HAL_Driver\Src\stm32f4xx_hal_pcd.o
                0x08001e0a                HAL_PCD_EP_SetStall
 .text.HAL_PCD_EP_ClrStall
                0x08001e62       0x4a Drivers\STM32F4xx_HAL_Driver\Src\stm32f4xx_hal_pcd.o
                0x08001e62                HAL_PCD_EP_ClrStall
 .text.HAL_PCDEx_SetTxFiFo
                0x08001eac       0x42 Drivers\STM32F4xx_HAL_Driver\Src\stm32f4xx_hal_pcd_ex.o
                0x08001eac                HAL_PCDEx_SetTxFiFo
 .text.HAL_PCDEx_SetRxFiFo
                0x08001eee        0x8 Drivers\STM32F4xx_HAL_Driver\Src\stm32f4xx_hal_pcd_ex.o
                0x08001eee                HAL_PCDEx_SetRxFiFo
 *fill*         0x08001ef6        0x2 
 .text.HAL_RCC_OscConfig
                0x08001ef8      0x304 Drivers\STM32F4xx_HAL_Driver\Src\stm32f4xx_hal_rcc.o
                0x08001ef8                HAL_RCC_OscConfig
 .text.HAL_RCC_GetSysClockFreq
                0x080021fc       0x5c Drivers\STM32F4xx_HAL_Driver\Src\stm32f4xx_hal_rcc.o
                0x080021fc                HAL_RCC_GetSysClockFreq
 .text.HAL_RCC_ClockConfig
                0x08002258      0x134 Drivers\STM32F4xx_HAL_Driver\Src\stm32f4xx_hal_rcc.o
                0x08002258                HAL_RCC_ClockConfig
 .text.HAL_RCC_GetHCLKFreq
                0x0800238c        0xc Drivers\STM32F4xx_HAL_Driver\Src\stm32f4xx_hal_rcc.o
                0x0800238c                HAL_RCC_GetHCLKFreq
 .text.HAL_RCC_GetPCLK1Freq
                0x08002398       0x20 Drivers\STM32F4xx_HAL_Driver\Src\stm32f4xx_hal_rcc.o
                0x08002398                HAL_RCC_GetPCLK1Freq
 .text.HAL_RCC_GetClockConfig
                0x080023b8       0x3c Drivers\STM32F4xx_HAL_Driver\Src\stm32f4xx_hal_rcc.o
                0x080023b8                HAL_RCC_GetClockConfig
 .text.HAL_RCCEx_PeriphCLKConfig
                0x080023f4      0x130 Drivers\STM32F4xx_HAL_Driver\Src\stm32f4xx_hal_rcc_ex.o
                0x080023f4                HAL_RCCEx_PeriphCLKConfig
 .text.HAL_RCCEx_GetPeriphCLKFreq
                0x08002524       0x5c Drivers\STM32F4xx_HAL_Driver\Src\stm32f4xx_hal_rcc_ex.o
                0x08002524                HAL_RCCEx_GetPeriphCLKFreq
 .text.SPI_WaitFlagStateUntilTimeout
                0x08002580       0x8e Drivers\STM32F4xx_HAL_Driver\Src\stm32f4xx_hal_spi.o
 .text.SPI_CheckFlag_BSY
                0x0800260e       0x20 Drivers\STM32F4xx_HAL_Driver\Src\stm32f4xx_hal_spi.o
 .text.HAL_SPI_Init
                0x0800262e       0x7a Drivers\STM32F4xx_HAL_Driver\Src\stm32f4xx_hal_spi.o
                0x0800262e                HAL_SPI_Init
 .text.HAL_SPI_DeInit
                0x080026a8       0x2c Drivers\STM32F4xx_HAL_Driver\Src\stm32f4xx_hal_spi.o
                0x080026a8                HAL_SPI_DeInit
 .text.HAL_SPI_TransmitReceive
                0x080026d4      0x1f8 Drivers\STM32F4xx_HAL_Driver\Src\stm32f4xx_hal_spi.o
                0x080026d4                HAL_SPI_TransmitReceive
 .text.HAL_SPI_GetState
                0x080028cc        0x6 Drivers\STM32F4xx_HAL_Driver\Src\stm32f4xx_hal_spi.o
                0x080028cc                HAL_SPI_GetState
 .text.HAL_TIM_Base_MspInit
                0x080028d2        0x2 Drivers\STM32F4xx_HAL_Driver\Src\stm32f4xx_hal_tim.o
                0x080028d2                HAL_TIM_Base_MspInit
 .text.HAL_TIM_Base_Start_IT
                0x080028d4       0x16 Drivers\STM32F4xx_HAL_Driver\Src\stm32f4xx_hal_tim.o
                0x080028d4                HAL_TIM_Base_Start_IT
 .text.HAL_TIM_OC_DelayElapsedCallback
                0x080028ea        0x2 Drivers\STM32F4xx_HAL_Driver\Src\stm32f4xx_hal_tim.o
                0x080028ea                HAL_TIM_OC_DelayElapsedCallback
 .text.HAL_TIM_IC_CaptureCallback
                0x080028ec        0x2 Drivers\STM32F4xx_HAL_Driver\Src\stm32f4xx_hal_tim.o
                0x080028ec                HAL_TIM_IC_CaptureCallback
 .text.HAL_TIM_PWM_PulseFinishedCallback
                0x080028ee        0x2 Drivers\STM32F4xx_HAL_Driver\Src\stm32f4xx_hal_tim.o
                0x080028ee                HAL_TIM_PWM_PulseFinishedCallback
 .text.HAL_TIM_TriggerCallback
                0x080028f0        0x2 Drivers\STM32F4xx_HAL_Driver\Src\stm32f4xx_hal_tim.o
                0x080028f0                HAL_TIM_TriggerCallback
 .text.HAL_TIM_IRQHandler
                0x080028f2      0x144 Drivers\STM32F4xx_HAL_Driver\Src\stm32f4xx_hal_tim.o
                0x080028f2                HAL_TIM_IRQHandler
 *fill*         0x08002a36        0x2 
 .text.TIM_Base_SetConfig
                0x08002a38       0xc8 Drivers\STM32F4xx_HAL_Driver\Src\stm32f4xx_hal_tim.o
                0x08002a38                TIM_Base_SetConfig
 .text.HAL_TIM_Base_Init
                0x08002b00       0x34 Drivers\STM32F4xx_HAL_Driver\Src\stm32f4xx_hal_tim.o
                0x08002b00                HAL_TIM_Base_Init
 .text.HAL_TIMEx_CommutationCallback
                0x08002b34        0x2 Drivers\STM32F4xx_HAL_Driver\Src\stm32f4xx_hal_tim_ex.o
                0x08002b34                HAL_TIMEx_CommutationCallback
 .text.HAL_TIMEx_BreakCallback
                0x08002b36        0x2 Drivers\STM32F4xx_HAL_Driver\Src\stm32f4xx_hal_tim_ex.o
                0x08002b36                HAL_TIMEx_BreakCallback
 .text.USB_CoreInit
                0x08002b38       0x74 Drivers\STM32F4xx_HAL_Driver\Src\stm32f4xx_ll_usb.o
                0x08002b38                USB_CoreInit
 .text.USB_EnableGlobalInt
                0x08002bac        0xc Drivers\STM32F4xx_HAL_Driver\Src\stm32f4xx_ll_usb.o
                0x08002bac                USB_EnableGlobalInt
 .text.USB_DisableGlobalInt
                0x08002bb8        0xc Drivers\STM32F4xx_HAL_Driver\Src\stm32f4xx_ll_usb.o
                0x08002bb8                USB_DisableGlobalInt
 .text.USB_SetCurrentMode
                0x08002bc4       0x2e Drivers\STM32F4xx_HAL_Driver\Src\stm32f4xx_ll_usb.o
                0x08002bc4                USB_SetCurrentMode
 *fill*         0x08002bf2        0x2 
 .text.USB_DevInit
                0x08002bf4      0x138 Drivers\STM32F4xx_HAL_Driver\Src\stm32f4xx_ll_usb.o
                0x08002bf4                USB_DevInit
 .text.USB_FlushTxFifo
                0x08002d2c       0x24 Drivers\STM32F4xx_HAL_Driver\Src\stm32f4xx_ll_usb.o
                0x08002d2c                USB_FlushTxFifo
 .text.USB_FlushRxFifo
                0x08002d50       0x20 Drivers\STM32F4xx_HAL_Driver\Src\stm32f4xx_ll_usb.o
                0x08002d50                USB_FlushRxFifo
 .text.USB_SetDevSpeed
                0x08002d70        0xe Drivers\STM32F4xx_HAL_Driver\Src\stm32f4xx_ll_usb.o
                0x08002d70                USB_SetDevSpeed
 .text.USB_GetDevSpeed
                0x08002d7e       0x36 Drivers\STM32F4xx_HAL_Driver\Src\stm32f4xx_ll_usb.o
                0x08002d7e                USB_GetDevSpeed
 .text.USB_ActivateEndpoint
                0x08002db4       0x7e Drivers\STM32F4xx_HAL_Driver\Src\stm32f4xx_ll_usb.o
                0x08002db4                USB_ActivateEndpoint
 .text.USB_DeactivateEndpoint
                0x08002e32        0x4 Drivers\STM32F4xx_HAL_Driver\Src\stm32f4xx_ll_usb.o
                0x08002e32                USB_DeactivateEndpoint
 *fill*         0x08002e36        0x2 
 .text.USB_DeactivateDedicatedEndpoint
                0x08002e38       0xb0 Drivers\STM32F4xx_HAL_Driver\Src\stm32f4xx_ll_usb.o
                0x08002e38                USB_DeactivateDedicatedEndpoint
 .text.USB_EPStartXfer
                0x08002ee8      0x18c Drivers\STM32F4xx_HAL_Driver\Src\stm32f4xx_ll_usb.o
                0x08002ee8                USB_EPStartXfer
 .text.USB_EP0StartXfer
                0x08003074       0xda Drivers\STM32F4xx_HAL_Driver\Src\stm32f4xx_ll_usb.o
                0x08003074                USB_EP0StartXfer
 .text.USB_WritePacket
                0x0800314e       0x28 Drivers\STM32F4xx_HAL_Driver\Src\stm32f4xx_ll_usb.o
                0x0800314e                USB_WritePacket
 .text.USB_ReadPacket
                0x08003176       0x1c Drivers\STM32F4xx_HAL_Driver\Src\stm32f4xx_ll_usb.o
                0x08003176                USB_ReadPacket
 .text.USB_EPSetStall
                0x08003192       0x3e Drivers\STM32F4xx_HAL_Driver\Src\stm32f4xx_ll_usb.o
                0x08003192                USB_EPSetStall
 .text.USB_EPClearStall
                0x080031d0       0x32 Drivers\STM32F4xx_HAL_Driver\Src\stm32f4xx_ll_usb.o
                0x080031d0                USB_EPClearStall
 .text.USB_SetDevAddress
                0x08003202       0x20 Drivers\STM32F4xx_HAL_Driver\Src\stm32f4xx_ll_usb.o
                0x08003202                USB_SetDevAddress
 .text.USB_DevConnect
                0x08003222       0x18 Drivers\STM32F4xx_HAL_Driver\Src\stm32f4xx_ll_usb.o
                0x08003222                USB_DevConnect
 .text.USB_DevDisconnect
                0x0800323a       0x18 Drivers\STM32F4xx_HAL_Driver\Src\stm32f4xx_ll_usb.o
                0x0800323a                USB_DevDisconnect
 .text.USB_ReadInterrupts
                0x08003252        0x8 Drivers\STM32F4xx_HAL_Driver\Src\stm32f4xx_ll_usb.o
                0x08003252                USB_ReadInterrupts
 .text.USB_ReadDevAllOutEpInterrupt
                0x0800325a       0x10 Drivers\STM32F4xx_HAL_Driver\Src\stm32f4xx_ll_usb.o
                0x0800325a                USB_ReadDevAllOutEpInterrupt
 .text.USB_ReadDevAllInEpInterrupt
                0x0800326a       0x10 Drivers\STM32F4xx_HAL_Driver\Src\stm32f4xx_ll_usb.o
                0x0800326a                USB_ReadDevAllInEpInterrupt
 .text.USB_ReadDevOutEPInterrupt
                0x0800327a       0x14 Drivers\STM32F4xx_HAL_Driver\Src\stm32f4xx_ll_usb.o
                0x0800327a                USB_ReadDevOutEPInterrupt
 .text.USB_ReadDevInEPInterrupt
                0x0800328e       0x20 Drivers\STM32F4xx_HAL_Driver\Src\stm32f4xx_ll_usb.o
                0x0800328e                USB_ReadDevInEPInterrupt
 .text.USB_GetMode
                0x080032ae        0x8 Drivers\STM32F4xx_HAL_Driver\Src\stm32f4xx_ll_usb.o
                0x080032ae                USB_GetMode
 .text.USB_ActivateSetup
                0x080032b6       0x36 Drivers\STM32F4xx_HAL_Driver\Src\stm32f4xx_ll_usb.o
                0x080032b6                USB_ActivateSetup
 .text.USB_EP0_OutStart
                0x080032ec       0x46 Drivers\STM32F4xx_HAL_Driver\Src\stm32f4xx_ll_usb.o
                0x080032ec                USB_EP0_OutStart
 *fill*         0x08003332        0x2 
 .text.USB_CoreReset
                0x08003334       0x30 Drivers\STM32F4xx_HAL_Driver\Src\stm32f4xx_ll_usb.o
 .text.USBD_CDC_DataIn
                0x08003364       0x12 Middlewares\ST\STM32_USB_Device_Library\Class\CDC\Src\usbd_cdc.o
 .text.USBD_CDC_EP0_RxReady
                0x08003376       0x28 Middlewares\ST\STM32_USB_Device_Library\Class\CDC\Src\usbd_cdc.o
 *fill*         0x0800339e        0x2 
 .text.USBD_CDC_GetFSCfgDesc
                0x080033a0        0xc Middlewares\ST\STM32_USB_Device_Library\Class\CDC\Src\usbd_cdc.o
 .text.USBD_CDC_GetHSCfgDesc
                0x080033ac        0xc Middlewares\ST\STM32_USB_Device_Library\Class\CDC\Src\usbd_cdc.o
 .text.USBD_CDC_GetOtherSpeedCfgDesc
                0x080033b8        0xc Middlewares\ST\STM32_USB_Device_Library\Class\CDC\Src\usbd_cdc.o
 .text.USBD_CDC_GetDeviceQualifierDescriptor
                0x080033c4        0xc Middlewares\ST\STM32_USB_Device_Library\Class\CDC\Src\usbd_cdc.o
                0x080033c4                USBD_CDC_GetDeviceQualifierDescriptor
 .text.USBD_CDC_DataOut
                0x080033d0       0x2e Middlewares\ST\STM32_USB_Device_Library\Class\CDC\Src\usbd_cdc.o
 *fill*         0x080033fe        0x2 
 .text.USBD_CDC_Setup
                0x08003400       0x68 Middlewares\ST\STM32_USB_Device_Library\Class\CDC\Src\usbd_cdc.o
 .text.USBD_CDC_DeInit
                0x08003468       0x3a Middlewares\ST\STM32_USB_Device_Library\Class\CDC\Src\usbd_cdc.o
 .text.USBD_CDC_Init
                0x080034a2       0x8c Middlewares\ST\STM32_USB_Device_Library\Class\CDC\Src\usbd_cdc.o
 .text.USBD_CDC_RegisterInterface
                0x0800352e        0xe Middlewares\ST\STM32_USB_Device_Library\Class\CDC\Src\usbd_cdc.o
                0x0800352e                USBD_CDC_RegisterInterface
 .text.USBD_CDC_SetTxBuffer
                0x0800353c       0x10 Middlewares\ST\STM32_USB_Device_Library\Class\CDC\Src\usbd_cdc.o
                0x0800353c                USBD_CDC_SetTxBuffer
 .text.USBD_CDC_SetRxBuffer
                0x0800354c        0xc Middlewares\ST\STM32_USB_Device_Library\Class\CDC\Src\usbd_cdc.o
                0x0800354c                USBD_CDC_SetRxBuffer
 .text.USBD_CDC_TransmitPacket
                0x08003558       0x2e Middlewares\ST\STM32_USB_Device_Library\Class\CDC\Src\usbd_cdc.o
                0x08003558                USBD_CDC_TransmitPacket
 .text.USBD_CDC_ReceivePacket
                0x08003586       0x26 Middlewares\ST\STM32_USB_Device_Library\Class\CDC\Src\usbd_cdc.o
                0x08003586                USBD_CDC_ReceivePacket
 .text.USBD_Init
                0x080035ac       0x2a Middlewares\ST\STM32_USB_Device_Library\Core\Src\usbd_core.o
                0x080035ac                USBD_Init
 .text.USBD_RegisterClass
                0x080035d6        0xe Middlewares\ST\STM32_USB_Device_Library\Core\Src\usbd_core.o
                0x080035d6                USBD_RegisterClass
 .text.USBD_Start
                0x080035e4        0xa Middlewares\ST\STM32_USB_Device_Library\Core\Src\usbd_core.o
                0x080035e4                USBD_Start
 .text.USBD_SetClassConfig
                0x080035ee       0x16 Middlewares\ST\STM32_USB_Device_Library\Core\Src\usbd_core.o
                0x080035ee                USBD_SetClassConfig
 .text.USBD_ClrClassConfig
                0x08003604        0xe Middlewares\ST\STM32_USB_Device_Library\Core\Src\usbd_core.o
                0x08003604                USBD_ClrClassConfig
 .text.USBD_LL_SetupStage
                0x08003612       0x5a Middlewares\ST\STM32_USB_Device_Library\Core\Src\usbd_core.o
                0x08003612                USBD_LL_SetupStage
 .text.USBD_LL_DataOutStage
                0x0800366c       0x64 Middlewares\ST\STM32_USB_Device_Library\Core\Src\usbd_core.o
                0x0800366c                USBD_LL_DataOutStage
 .text.USBD_LL_DataInStage
                0x080036d0       0x9e Middlewares\ST\STM32_USB_Device_Library\Core\Src\usbd_core.o
                0x080036d0                USBD_LL_DataInStage
 .text.USBD_LL_Reset
                0x0800376e       0x3e Middlewares\ST\STM32_USB_Device_Library\Core\Src\usbd_core.o
                0x0800376e                USBD_LL_Reset
 .text.USBD_LL_SetSpeed
                0x080037ac        0x6 Middlewares\ST\STM32_USB_Device_Library\Core\Src\usbd_core.o
                0x080037ac                USBD_LL_SetSpeed
 .text.USBD_LL_Suspend
                0x080037b2       0x12 Middlewares\ST\STM32_USB_Device_Library\Core\Src\usbd_core.o
                0x080037b2                USBD_LL_Suspend
 .text.USBD_LL_Resume
                0x080037c4        0xc Middlewares\ST\STM32_USB_Device_Library\Core\Src\usbd_core.o
                0x080037c4                USBD_LL_Resume
 .text.USBD_LL_SOF
                0x080037d0       0x18 Middlewares\ST\STM32_USB_Device_Library\Core\Src\usbd_core.o
                0x080037d0                USBD_LL_SOF
 .text.USBD_LL_IsoINIncomplete
                0x080037e8        0x4 Middlewares\ST\STM32_USB_Device_Library\Core\Src\usbd_core.o
                0x080037e8                USBD_LL_IsoINIncomplete
 .text.USBD_LL_IsoOUTIncomplete
                0x080037ec        0x4 Middlewares\ST\STM32_USB_Device_Library\Core\Src\usbd_core.o
                0x080037ec                USBD_LL_IsoOUTIncomplete
 .text.USBD_LL_DevConnected
                0x080037f0        0x4 Middlewares\ST\STM32_USB_Device_Library\Core\Src\usbd_core.o
                0x080037f0                USBD_LL_DevConnected
 .text.USBD_LL_DevDisconnected
                0x080037f4       0x16 Middlewares\ST\STM32_USB_Device_Library\Core\Src\usbd_core.o
                0x080037f4                USBD_LL_DevDisconnected
 .text.USBD_CtlError.constprop.0
                0x0800380a       0x16 Middlewares\ST\STM32_USB_Device_Library\Core\Src\usbd_ctlreq.o
 .text.USBD_StdDevReq
                0x08003820      0x1f4 Middlewares\ST\STM32_USB_Device_Library\Core\Src\usbd_ctlreq.o
                0x08003820                USBD_StdDevReq
 .text.USBD_StdItfReq
                0x08003a14       0x30 Middlewares\ST\STM32_USB_Device_Library\Core\Src\usbd_ctlreq.o
                0x08003a14                USBD_StdItfReq
 .text.USBD_StdEPReq
                0x08003a44       0xc6 Middlewares\ST\STM32_USB_Device_Library\Core\Src\usbd_ctlreq.o
                0x08003a44                USBD_StdEPReq
 .text.USBD_ParseSetupRequest
                0x08003b0a       0x28 Middlewares\ST\STM32_USB_Device_Library\Core\Src\usbd_ctlreq.o
                0x08003b0a                USBD_ParseSetupRequest
 .text.USBD_GetString
                0x08003b32       0x38 Middlewares\ST\STM32_USB_Device_Library\Core\Src\usbd_ctlreq.o
                0x08003b32                USBD_GetString
 .text.USBD_CtlSendData
                0x08003b6a       0x1a Middlewares\ST\STM32_USB_Device_Library\Core\Src\usbd_ioreq.o
                0x08003b6a                USBD_CtlSendData
 .text.USBD_CtlContinueSendData
                0x08003b84       0x10 Middlewares\ST\STM32_USB_Device_Library\Core\Src\usbd_ioreq.o
                0x08003b84                USBD_CtlContinueSendData
 .text.USBD_CtlPrepareRx
                0x08003b94       0x1e Middlewares\ST\STM32_USB_Device_Library\Core\Src\usbd_ioreq.o
                0x08003b94                USBD_CtlPrepareRx
 .text.USBD_CtlContinueRx
                0x08003bb2       0x10 Middlewares\ST\STM32_USB_Device_Library\Core\Src\usbd_ioreq.o
                0x08003bb2                USBD_CtlContinueRx
 .text.USBD_CtlSendStatus
                0x08003bc2       0x16 Middlewares\ST\STM32_USB_Device_Library\Core\Src\usbd_ioreq.o
                0x08003bc2                USBD_CtlSendStatus
 .text.USBD_CtlReceiveStatus
                0x08003bd8       0x16 Middlewares\ST\STM32_USB_Device_Library\Core\Src\usbd_ioreq.o
                0x08003bd8                USBD_CtlReceiveStatus
 .text.osKernelStart
                0x08003bee        0xa Middlewares\Third_Party\FreeRTOS\Source\CMSIS_RTOS\cmsis_os.o
                0x08003bee                osKernelStart
 .text.osThreadCreate
                0x08003bf8       0x30 Middlewares\Third_Party\FreeRTOS\Source\CMSIS_RTOS\cmsis_os.o
                0x08003bf8                osThreadCreate
 .text.osDelay  0x08003c28       0x10 Middlewares\Third_Party\FreeRTOS\Source\CMSIS_RTOS\cmsis_os.o
                0x08003c28                osDelay
 .text.osSignalSet
                0x08003c38       0x54 Middlewares\Third_Party\FreeRTOS\Source\CMSIS_RTOS\cmsis_os.o
                0x08003c38                osSignalSet
 .text.osSignalWait
                0x08003c8c       0x48 Middlewares\Third_Party\FreeRTOS\Source\CMSIS_RTOS\cmsis_os.o
                0x08003c8c                osSignalWait
 .text.osPoolCreate
                0x08003cd4       0x6c Middlewares\Third_Party\FreeRTOS\Source\CMSIS_RTOS\cmsis_os.o
                0x08003cd4                osPoolCreate
 .text.osPoolAlloc
                0x08003d40       0x68 Middlewares\Third_Party\FreeRTOS\Source\CMSIS_RTOS\cmsis_os.o
                0x08003d40                osPoolAlloc
 .text.osPoolFree
                0x08003da8       0x2a Middlewares\Third_Party\FreeRTOS\Source\CMSIS_RTOS\cmsis_os.o
                0x08003da8                osPoolFree
 .text.osMailCreate
                0x08003dd2       0x56 Middlewares\Third_Party\FreeRTOS\Source\CMSIS_RTOS\cmsis_os.o
                0x08003dd2                osMailCreate
 .text.osMailAlloc
                0x08003e28        0xa Middlewares\Third_Party\FreeRTOS\Source\CMSIS_RTOS\cmsis_os.o
                0x08003e28                osMailAlloc
 *fill*         0x08003e32        0x2 
 .text.osMailPut
                0x08003e34       0x58 Middlewares\Third_Party\FreeRTOS\Source\CMSIS_RTOS\cmsis_os.o
                0x08003e34                osMailPut
 .text.osMailGet
                0x08003e8c       0x78 Middlewares\Third_Party\FreeRTOS\Source\CMSIS_RTOS\cmsis_os.o
                0x08003e8c                osMailGet
 .text.osMailFree
                0x08003f04        0xc Middlewares\Third_Party\FreeRTOS\Source\CMSIS_RTOS\cmsis_os.o
                0x08003f04                osMailFree
 .text.osSystickHandler
                0x08003f10       0x14 Middlewares\Third_Party\FreeRTOS\Source\CMSIS_RTOS\cmsis_os.o
                0x08003f10                osSystickHandler
 .text.vListInitialise
                0x08003f24       0x16 Middlewares\Third_Party\FreeRTOS\Source\list.o
                0x08003f24                vListInitialise
 .text.vListInitialiseItem
                0x08003f3a        0x6 Middlewares\Third_Party\FreeRTOS\Source\list.o
                0x08003f3a                vListInitialiseItem
 .text.vListInsertEnd
                0x08003f40       0x18 Middlewares\Third_Party\FreeRTOS\Source\list.o
                0x08003f40                vListInsertEnd
 .text.vListInsert
                0x08003f58       0x2e Middlewares\Third_Party\FreeRTOS\Source\list.o
                0x08003f58                vListInsert
 .text.uxListRemove
                0x08003f86       0x20 Middlewares\Third_Party\FreeRTOS\Source\list.o
                0x08003f86                uxListRemove
 *fill*         0x08003fa6        0x2 
 .text.prvTaskExitError
                0x08003fa8       0x30 Middlewares\Third_Party\FreeRTOS\Source\portable\GCC\ARM_CM4F\port.o
 .text.prvPortStartFirstTask
                0x08003fd8       0x20 Middlewares\Third_Party\FreeRTOS\Source\portable\GCC\ARM_CM4F\port.o
 .text.vPortEnableVFP
                0x08003ff8       0x14 Middlewares\Third_Party\FreeRTOS\Source\portable\GCC\ARM_CM4F\port.o
 .text.pxPortInitialiseStack
                0x0800400c       0x2c Middlewares\Third_Party\FreeRTOS\Source\portable\GCC\ARM_CM4F\port.o
                0x0800400c                pxPortInitialiseStack
 *fill*         0x08004038        0x8 
 .text.SVC_Handler
                0x08004040       0x24 Middlewares\Third_Party\FreeRTOS\Source\portable\GCC\ARM_CM4F\port.o
                0x08004040                SVC_Handler
 .text.vPortEnterCritical
                0x08004064       0x44 Middlewares\Third_Party\FreeRTOS\Source\portable\GCC\ARM_CM4F\port.o
                0x08004064                vPortEnterCritical
 .text.vPortExitCritical
                0x080040a8       0x28 Middlewares\Third_Party\FreeRTOS\Source\portable\GCC\ARM_CM4F\port.o
                0x080040a8                vPortExitCritical
 .text.PendSV_Handler
                0x080040d0       0x64 Middlewares\Third_Party\FreeRTOS\Source\portable\GCC\ARM_CM4F\port.o
                0x080040d0                PendSV_Handler
 .text.xPortSysTickHandler
                0x08004134       0x2c Middlewares\Third_Party\FreeRTOS\Source\portable\GCC\ARM_CM4F\port.o
                0x08004134                xPortSysTickHandler
 .text.vPortSetupTimerInterrupt
                0x08004160       0x28 Middlewares\Third_Party\FreeRTOS\Source\portable\GCC\ARM_CM4F\port.o
                0x08004160                vPortSetupTimerInterrupt
 .text.xPortStartScheduler
                0x08004188       0xec Middlewares\Third_Party\FreeRTOS\Source\portable\GCC\ARM_CM4F\port.o
                0x08004188                xPortStartScheduler
 .text.vPortValidateInterruptPriority
                0x08004274       0x5c Middlewares\Third_Party\FreeRTOS\Source\portable\GCC\ARM_CM4F\port.o
                0x08004274                vPortValidateInterruptPriority
 .text.unlikely.prvInsertBlockIntoFreeList
                0x080042d0       0x48 Middlewares\Third_Party\FreeRTOS\Source\portable\MemMang\heap_4.o
 .text.pvPortMalloc
                0x08004318      0x11c Middlewares\Third_Party\FreeRTOS\Source\portable\MemMang\heap_4.o
                0x08004318                pvPortMalloc
 .text.vPortFree
                0x08004434       0x70 Middlewares\Third_Party\FreeRTOS\Source\portable\MemMang\heap_4.o
                0x08004434                vPortFree
 .text.unlikely.prvCopyDataToQueue
                0x080044a4       0x66 Middlewares\Third_Party\FreeRTOS\Source\queue.o
 .text.unlikely.prvCopyDataFromQueue
                0x0800450a       0x2a Middlewares\Third_Party\FreeRTOS\Source\queue.o
 .text.prvUnlockQueue
                0x08004534       0x70 Middlewares\Third_Party\FreeRTOS\Source\queue.o
 .text.xQueueGenericReset
                0x080045a4       0x80 Middlewares\Third_Party\FreeRTOS\Source\queue.o
                0x080045a4                xQueueGenericReset
 .text.xQueueGenericCreate
                0x08004624       0x42 Middlewares\Third_Party\FreeRTOS\Source\queue.o
                0x08004624                xQueueGenericCreate
 *fill*         0x08004666        0x2 
 .text.xQueueGenericSend
                0x08004668      0x16c Middlewares\Third_Party\FreeRTOS\Source\queue.o
                0x08004668                xQueueGenericSend
 .text.xQueueGenericSendFromISR
                0x080047d4       0xc4 Middlewares\Third_Party\FreeRTOS\Source\queue.o
                0x080047d4                xQueueGenericSendFromISR
 .text.xQueueGenericReceive
                0x08004898      0x188 Middlewares\Third_Party\FreeRTOS\Source\queue.o
                0x08004898                xQueueGenericReceive
 .text.xQueueReceiveFromISR
                0x08004a20       0xa0 Middlewares\Third_Party\FreeRTOS\Source\queue.o
                0x08004a20                xQueueReceiveFromISR
 .text.prvResetNextTaskUnblockTime
                0x08004ac0       0x24 Middlewares\Third_Party\FreeRTOS\Source\tasks.o
 .text.prvAddCurrentTaskToDelayedList
                0x08004ae4       0x8c Middlewares\Third_Party\FreeRTOS\Source\tasks.o
 .text.vTaskSetTimeOutState.part.5
                0x08004b70       0x12 Middlewares\Third_Party\FreeRTOS\Source\tasks.o
 *fill*         0x08004b82        0x2 
 .text.xTaskCreate
                0x08004b84      0x1a0 Middlewares\Third_Party\FreeRTOS\Source\tasks.o
                0x08004b84                xTaskCreate
 .text.vTaskStartScheduler
                0x08004d24       0x78 Middlewares\Third_Party\FreeRTOS\Source\tasks.o
                0x08004d24                vTaskStartScheduler
 .text.vTaskSuspendAll
                0x08004d9c       0x10 Middlewares\Third_Party\FreeRTOS\Source\tasks.o
                0x08004d9c                vTaskSuspendAll
 .text.xTaskIncrementTick
                0x08004dac      0x124 Middlewares\Third_Party\FreeRTOS\Source\tasks.o
                0x08004dac                xTaskIncrementTick
 .text.xTaskResumeAll
                0x08004ed0       0xf0 Middlewares\Third_Party\FreeRTOS\Source\tasks.o
                0x08004ed0                xTaskResumeAll
 .text.vTaskDelay
                0x08004fc0       0x48 Middlewares\Third_Party\FreeRTOS\Source\tasks.o
                0x08004fc0                vTaskDelay
 .text.prvIdleTask
                0x08005008       0x74 Middlewares\Third_Party\FreeRTOS\Source\tasks.o
 .text.vTaskSwitchContext
                0x0800507c       0x74 Middlewares\Third_Party\FreeRTOS\Source\tasks.o
                0x0800507c                vTaskSwitchContext
 .text.vTaskPlaceOnEventList
                0x080050f0       0x34 Middlewares\Third_Party\FreeRTOS\Source\tasks.o
                0x080050f0                vTaskPlaceOnEventList
 .text.xTaskRemoveFromEventList
                0x08005124       0x84 Middlewares\Third_Party\FreeRTOS\Source\tasks.o
                0x08005124                xTaskRemoveFromEventList
 .text.vTaskSetTimeOutState
                0x080051a8       0x20 Middlewares\Third_Party\FreeRTOS\Source\tasks.o
                0x080051a8                vTaskSetTimeOutState
 .text.xTaskCheckForTimeOut
                0x080051c8       0x74 Middlewares\Third_Party\FreeRTOS\Source\tasks.o
                0x080051c8                xTaskCheckForTimeOut
 .text.vTaskMissedYield
                0x0800523c        0xc Middlewares\Third_Party\FreeRTOS\Source\tasks.o
                0x0800523c                vTaskMissedYield
 .text.xTaskGetSchedulerState
                0x08005248       0x20 Middlewares\Third_Party\FreeRTOS\Source\tasks.o
                0x08005248                xTaskGetSchedulerState
 .text.vTaskPriorityInherit
                0x08005268       0x8c Middlewares\Third_Party\FreeRTOS\Source\tasks.o
                0x08005268                vTaskPriorityInherit
 .text.xTaskPriorityDisinherit
                0x080052f4       0xa0 Middlewares\Third_Party\FreeRTOS\Source\tasks.o
                0x080052f4                xTaskPriorityDisinherit
 .text.pvTaskIncrementMutexHeldCount
                0x08005394       0x18 Middlewares\Third_Party\FreeRTOS\Source\tasks.o
                0x08005394                pvTaskIncrementMutexHeldCount
 .text.xTaskNotifyWait
                0x080053ac       0x8c Middlewares\Third_Party\FreeRTOS\Source\tasks.o
                0x080053ac                xTaskNotifyWait
 .text.xTaskGenericNotify
                0x08005438       0xd0 Middlewares\Third_Party\FreeRTOS\Source\tasks.o
                0x08005438                xTaskGenericNotify
 .text.xTaskGenericNotifyFromISR
                0x08005508      0x104 Middlewares\Third_Party\FreeRTOS\Source\tasks.o
                0x08005508                xTaskGenericNotifyFromISR
 .text.SystemClock_Config
                0x0800560c       0xc4 Src\main.o
                0x0800560c                SystemClock_Config
 .text.startup.main
                0x080056d0      0x260 Src\main.o
                0x080056d0                main
 .text.GYRO_Task
                0x08005930       0xe4 Src\main.o
                0x08005930                GYRO_Task
 .text.StartTask02
                0x08005a14        0x6 Src\main.o
                0x08005a14                StartTask02
 *fill*         0x08005a1a        0x2 
 .text.USB_Task
                0x08005a1c       0xac Src\main.o
                0x08005a1c                USB_Task
 .text.StartTask01
                0x08005ac8        0xa Src\main.o
                0x08005ac8                StartTask01
 *fill*         0x08005ad2        0x2 
 .text.HAL_TIM_PeriodElapsedCallback
                0x08005ad4       0x14 Src\main.o
                0x08005ad4                HAL_TIM_PeriodElapsedCallback
 .text._Error_Handler
                0x08005ae8        0x2 Src\main.o
                0x08005ae8                _Error_Handler
 *fill*         0x08005aea        0x2 
 .text.HAL_MspInit
                0x08005aec       0x90 Src\stm32f4xx_hal_msp.o
                0x08005aec                HAL_MspInit
 .text.HAL_I2C_MspInit
                0x08005b7c       0x54 Src\stm32f4xx_hal_msp.o
                0x08005b7c                HAL_I2C_MspInit
 .text.HAL_I2S_MspInit
                0x08005bd0       0x64 Src\stm32f4xx_hal_msp.o
                0x08005bd0                HAL_I2S_MspInit
 .text.HAL_SPI_MspInit
                0x08005c34       0x4c Src\stm32f4xx_hal_msp.o
                0x08005c34                HAL_SPI_MspInit
 .text.HAL_SPI_MspDeInit
                0x08005c80       0x28 Src\stm32f4xx_hal_msp.o
                0x08005c80                HAL_SPI_MspDeInit
 .text.HAL_InitTick
                0x08005ca8       0x7c Src\stm32f4xx_hal_timebase_TIM.o
                0x08005ca8                HAL_InitTick
 .text.SysTick_Handler
                0x08005d24        0x4 Src\stm32f4xx_it.o
                0x08005d24                SysTick_Handler
 .text.TIM6_DAC_IRQHandler
                0x08005d28        0xc Src\stm32f4xx_it.o
                0x08005d28                TIM6_DAC_IRQHandler
 .text.OTG_FS_IRQHandler
                0x08005d34        0xc Src\stm32f4xx_it.o
                0x08005d34                OTG_FS_IRQHandler
 .text.SystemInit
                0x08005d40       0x4c Src\system_stm32f4xx.o
                0x08005d40                SystemInit
 .text.MX_USB_DEVICE_Init
                0x08005d8c       0x38 Src\usb_device.o
                0x08005d8c                MX_USB_DEVICE_Init
 .text.CDC_DeInit_FS
                0x08005dc4        0x4 Src\usbd_cdc_if.o
 .text.CDC_Receive_FS
                0x08005dc8       0x1c Src\usbd_cdc_if.o
 .text.CDC_Init_FS
                0x08005de4       0x28 Src\usbd_cdc_if.o
 .text.CDC_Control_FS
                0x08005e0c       0x60 Src\usbd_cdc_if.o
 .text.CDC_Transmit_FS
                0x08005e6c       0x2c Src\usbd_cdc_if.o
                0x08005e6c                CDC_Transmit_FS
 .text.HAL_PCD_MspInit
                0x08005e98       0x8c Src\usbd_conf.o
                0x08005e98                HAL_PCD_MspInit
 .text.HAL_PCD_SetupStageCallback
                0x08005f24        0xc Src\usbd_conf.o
                0x08005f24                HAL_PCD_SetupStageCallback
 .text.HAL_PCD_DataOutStageCallback
                0x08005f30       0x12 Src\usbd_conf.o
                0x08005f30                HAL_PCD_DataOutStageCallback
 .text.HAL_PCD_DataInStageCallback
                0x08005f42       0x10 Src\usbd_conf.o
                0x08005f42                HAL_PCD_DataInStageCallback
 .text.HAL_PCD_SOFCallback
                0x08005f52        0x8 Src\usbd_conf.o
                0x08005f52                HAL_PCD_SOFCallback
 .text.HAL_PCD_ResetCallback
                0x08005f5a       0x20 Src\usbd_conf.o
                0x08005f5a                HAL_PCD_ResetCallback
 *fill*         0x08005f7a        0x2 
 .text.HAL_PCD_SuspendCallback
                0x08005f7c       0x30 Src\usbd_conf.o
                0x08005f7c                HAL_PCD_SuspendCallback
 .text.HAL_PCD_ResumeCallback
                0x08005fac        0x8 Src\usbd_conf.o
                0x08005fac                HAL_PCD_ResumeCallback
 .text.HAL_PCD_ISOOUTIncompleteCallback
                0x08005fb4        0x8 Src\usbd_conf.o
                0x08005fb4                HAL_PCD_ISOOUTIncompleteCallback
 .text.HAL_PCD_ISOINIncompleteCallback
                0x08005fbc        0x8 Src\usbd_conf.o
                0x08005fbc                HAL_PCD_ISOINIncompleteCallback
 .text.HAL_PCD_ConnectCallback
                0x08005fc4        0x8 Src\usbd_conf.o
                0x08005fc4                HAL_PCD_ConnectCallback
 .text.HAL_PCD_DisconnectCallback
                0x08005fcc        0x8 Src\usbd_conf.o
                0x08005fcc                HAL_PCD_DisconnectCallback
 .text.USBD_LL_Init
                0x08005fd4       0x68 Src\usbd_conf.o
                0x08005fd4                USBD_LL_Init
 .text.USBD_LL_Start
                0x0800603c       0x1c Src\usbd_conf.o
                0x0800603c                USBD_LL_Start
 .text.USBD_LL_OpenEP
                0x08006058       0x20 Src\usbd_conf.o
                0x08006058                USBD_LL_OpenEP
 .text.USBD_LL_CloseEP
                0x08006078       0x1c Src\usbd_conf.o
                0x08006078                USBD_LL_CloseEP
 .text.USBD_LL_StallEP
                0x08006094       0x1c Src\usbd_conf.o
                0x08006094                USBD_LL_StallEP
 .text.USBD_LL_ClearStallEP
                0x080060b0       0x1c Src\usbd_conf.o
                0x080060b0                USBD_LL_ClearStallEP
 .text.USBD_LL_IsStallEP
                0x080060cc       0x26 Src\usbd_conf.o
                0x080060cc                USBD_LL_IsStallEP
 *fill*         0x080060f2        0x2 
 .text.USBD_LL_SetUSBAddress
                0x080060f4       0x1c Src\usbd_conf.o
                0x080060f4                USBD_LL_SetUSBAddress
 .text.USBD_LL_Transmit
                0x08006110       0x1c Src\usbd_conf.o
                0x08006110                USBD_LL_Transmit
 .text.USBD_LL_PrepareReceive
                0x0800612c       0x1c Src\usbd_conf.o
                0x0800612c                USBD_LL_PrepareReceive
 .text.USBD_LL_GetRxDataSize
                0x08006148        0xc Src\usbd_conf.o
                0x08006148                USBD_LL_GetRxDataSize
 .text.USBD_FS_DeviceDescriptor
                0x08006154        0xc Src\usbd_desc.o
                0x08006154                USBD_FS_DeviceDescriptor
 .text.USBD_FS_LangIDStrDescriptor
                0x08006160        0xc Src\usbd_desc.o
                0x08006160                USBD_FS_LangIDStrDescriptor
 .text.USBD_FS_ManufacturerStrDescriptor
                0x0800616c       0x1c Src\usbd_desc.o
                0x0800616c                USBD_FS_ManufacturerStrDescriptor
 .text.USBD_FS_ProductStrDescriptor
                0x08006188       0x1c Src\usbd_desc.o
                0x08006188                USBD_FS_ProductStrDescriptor
 .text.USBD_FS_SerialStrDescriptor
                0x080061a4       0x1c Src\usbd_desc.o
                0x080061a4                USBD_FS_SerialStrDescriptor
 .text.USBD_FS_ConfigStrDescriptor
                0x080061c0       0x1c Src\usbd_desc.o
                0x080061c0                USBD_FS_ConfigStrDescriptor
 .text.USBD_FS_InterfaceStrDescriptor
                0x080061dc       0x1c Src\usbd_desc.o
                0x080061dc                USBD_FS_InterfaceStrDescriptor
 .text.Reset_Handler
                0x080061f8       0x50 startup\startup_stm32f407xx.o
                0x080061f8                Reset_Handler
 .text.Default_Handler
                0x08006248        0x2 startup\startup_stm32f407xx.o
                0x08006248                RTC_Alarm_IRQHandler
                0x08006248                HASH_RNG_IRQHandler
                0x08006248                EXTI2_IRQHandler
                0x08006248                TIM8_CC_IRQHandler
                0x08006248                DebugMon_Handler
                0x08006248                TIM1_CC_IRQHandler
                0x08006248                DMA2_Stream5_IRQHandler
                0x08006248                HardFault_Handler
                0x08006248                DMA1_Stream5_IRQHandler
                0x08006248                PVD_IRQHandler
                0x08006248                SDIO_IRQHandler
                0x08006248                TAMP_STAMP_IRQHandler
                0x08006248                NMI_Handler
                0x08006248                CAN2_RX1_IRQHandler
                0x08006248                EXTI3_IRQHandler
                0x08006248                TIM8_TRG_COM_TIM14_IRQHandler
                0x08006248                TIM1_UP_TIM10_IRQHandler
                0x08006248                TIM8_UP_TIM13_IRQHandler
                0x08006248                I2C3_ER_IRQHandler
                0x08006248                EXTI0_IRQHandler
                0x08006248                I2C2_EV_IRQHandler
                0x08006248                DMA1_Stream2_IRQHandler
                0x08006248                CAN1_RX0_IRQHandler
                0x08006248                FPU_IRQHandler
                0x08006248                OTG_HS_WKUP_IRQHandler
                0x08006248                UsageFault_Handler
                0x08006248                CAN2_SCE_IRQHandler
                0x08006248                DMA2_Stream2_IRQHandler
                0x08006248                SPI1_IRQHandler
                0x08006248                TIM1_BRK_TIM9_IRQHandler
                0x08006248                DCMI_IRQHandler
                0x08006248                CAN2_RX0_IRQHandler
                0x08006248                DMA2_Stream3_IRQHandler
                0x08006248                USART6_IRQHandler
                0x08006248                USART3_IRQHandler
                0x08006248                CAN1_RX1_IRQHandler
                0x08006248                UART5_IRQHandler
                0x08006248                DMA2_Stream0_IRQHandler
                0x08006248                TIM4_IRQHandler
                0x08006248                I2C1_EV_IRQHandler
                0x08006248                DMA1_Stream6_IRQHandler
                0x08006248                DMA1_Stream1_IRQHandler
                0x08006248                UART4_IRQHandler
                0x08006248                TIM3_IRQHandler
                0x08006248                RCC_IRQHandler
                0x08006248                TIM8_BRK_TIM12_IRQHandler
                0x08006248                Default_Handler
                0x08006248                EXTI15_10_IRQHandler
                0x08006248                ADC_IRQHandler
                0x08006248                DMA1_Stream7_IRQHandler
                0x08006248                TIM7_IRQHandler
                0x08006248                CAN2_TX_IRQHandler
                0x08006248                TIM5_IRQHandler
                0x08006248                DMA2_Stream7_IRQHandler
                0x08006248                I2C3_EV_IRQHandler
                0x08006248                EXTI9_5_IRQHandler
                0x08006248                RTC_WKUP_IRQHandler
                0x08006248                ETH_WKUP_IRQHandler
                0x08006248                SPI2_IRQHandler
                0x08006248                OTG_HS_EP1_IN_IRQHandler
                0x08006248                MemManage_Handler
                0x08006248                DMA1_Stream0_IRQHandler
                0x08006248                CAN1_TX_IRQHandler
                0x08006248                EXTI4_IRQHandler
                0x08006248                FSMC_IRQHandler
                0x08006248                ETH_IRQHandler
                0x08006248                OTG_HS_EP1_OUT_IRQHandler
                0x08006248                WWDG_IRQHandler
                0x08006248                TIM2_IRQHandler
                0x08006248                OTG_FS_WKUP_IRQHandler
                0x08006248                TIM1_TRG_COM_TIM11_IRQHandler
                0x08006248                OTG_HS_IRQHandler
                0x08006248                EXTI1_IRQHandler
                0x08006248                USART2_IRQHandler
                0x08006248                I2C2_ER_IRQHandler
                0x08006248                DMA2_Stream1_IRQHandler
                0x08006248                CAN1_SCE_IRQHandler
                0x08006248                FLASH_IRQHandler
                0x08006248                DMA2_Stream4_IRQHandler
                0x08006248                BusFault_Handler
                0x08006248                USART1_IRQHandler
                0x08006248                SPI3_IRQHandler
                0x08006248                DMA1_Stream4_IRQHandler
                0x08006248                I2C1_ER_IRQHandler
                0x08006248                DMA2_Stream6_IRQHandler
                0x08006248                DMA1_Stream3_IRQHandler
 *fill*         0x0800624a        0x2 
 .text.__libc_init_array
                0x0800624c       0x48 c:/users/administrator/desktop/st/atollic/truestudio for stm32 9.0.0/armtools/bin/../lib/gcc/arm-atollic-eabi/6.3.1/../../../../arm-atollic-eabi/lib/armv7e-m/fpu\libc_nano.a(lib_a-init.o)
                0x0800624c                __libc_init_array
 .text.malloc   0x08006294       0x10 c:/users/administrator/desktop/st/atollic/truestudio for stm32 9.0.0/armtools/bin/../lib/gcc/arm-atollic-eabi/6.3.1/../../../../arm-atollic-eabi/lib/armv7e-m/fpu\libc_nano.a(lib_a-malloc.o)
                0x08006294                malloc
 .text.free     0x080062a4       0x10 c:/users/administrator/desktop/st/atollic/truestudio for stm32 9.0.0/armtools/bin/../lib/gcc/arm-atollic-eabi/6.3.1/../../../../arm-atollic-eabi/lib/armv7e-m/fpu\libc_nano.a(lib_a-malloc.o)
                0x080062a4                free
 .text.memcpy   0x080062b4       0x16 c:/users/administrator/desktop/st/atollic/truestudio for stm32 9.0.0/armtools/bin/../lib/gcc/arm-atollic-eabi/6.3.1/../../../../arm-atollic-eabi/lib/armv7e-m/fpu\libc_nano.a(lib_a-memcpy-stub.o)
                0x080062b4                memcpy
 .text.memset   0x080062ca       0x10 c:/users/administrator/desktop/st/atollic/truestudio for stm32 9.0.0/armtools/bin/../lib/gcc/arm-atollic-eabi/6.3.1/../../../../arm-atollic-eabi/lib/armv7e-m/fpu\libc_nano.a(lib_a-memset.o)
                0x080062ca                memset
 *fill*         0x080062da        0x2 
 .text._free_r  0x080062dc       0x9c c:/users/administrator/desktop/st/atollic/truestudio for stm32 9.0.0/armtools/bin/../lib/gcc/arm-atollic-eabi/6.3.1/../../../../arm-atollic-eabi/lib/armv7e-m/fpu\libc_nano.a(lib_a-nano-freer.o)
                0x080062dc                _free_r
 .text._malloc_r
                0x08006378       0xbc c:/users/administrator/desktop/st/atollic/truestudio for stm32 9.0.0/armtools/bin/../lib/gcc/arm-atollic-eabi/6.3.1/../../../../arm-atollic-eabi/lib/armv7e-m/fpu\libc_nano.a(lib_a-nano-mallocr.o)
                0x08006378                _malloc_r
 .text._sbrk_r  0x08006434       0x20 c:/users/administrator/desktop/st/atollic/truestudio for stm32 9.0.0/armtools/bin/../lib/gcc/arm-atollic-eabi/6.3.1/../../../../arm-atollic-eabi/lib/armv7e-m/fpu\libc_nano.a(lib_a-sbrkr.o)
                0x08006434                _sbrk_r
 .text.snprintf
                0x08006454       0x68 c:/users/administrator/desktop/st/atollic/truestudio for stm32 9.0.0/armtools/bin/../lib/gcc/arm-atollic-eabi/6.3.1/../../../../arm-atollic-eabi/lib/armv7e-m/fpu\libc_nano.a(lib_a-snprintf.o)
                0x08006454                sniprintf
                0x08006454                snprintf
 .text.__malloc_lock
                0x080064bc        0x2 c:/users/administrator/desktop/st/atollic/truestudio for stm32 9.0.0/armtools/bin/../lib/gcc/arm-atollic-eabi/6.3.1/../../../../arm-atollic-eabi/lib/armv7e-m/fpu\libc_nano.a(lib_a-mlock.o)
                0x080064bc                __malloc_lock
 .text.__malloc_unlock
                0x080064be        0x2 c:/users/administrator/desktop/st/atollic/truestudio for stm32 9.0.0/armtools/bin/../lib/gcc/arm-atollic-eabi/6.3.1/../../../../arm-atollic-eabi/lib/armv7e-m/fpu\libc_nano.a(lib_a-mlock.o)
                0x080064be                __malloc_unlock
 .text.__ssputs_r
                0x080064c0       0xb6 c:/users/administrator/desktop/st/atollic/truestudio for stm32 9.0.0/armtools/bin/../lib/gcc/arm-atollic-eabi/6.3.1/../../../../arm-atollic-eabi/lib/armv7e-m/fpu\libc_nano.a(lib_a-nano-svfprintf.o)
                0x080064c0                __ssputs_r
 *fill*         0x08006576        0x2 
 .text._svfprintf_r
                0x08006578      0x1e8 c:/users/administrator/desktop/st/atollic/truestudio for stm32 9.0.0/armtools/bin/../lib/gcc/arm-atollic-eabi/6.3.1/../../../../arm-atollic-eabi/lib/armv7e-m/fpu\libc_nano.a(lib_a-nano-svfprintf.o)
                0x08006578                _svfiprintf_r
                0x08006578                _svfprintf_r
 .text._printf_common
                0x08006760       0xec c:/users/administrator/desktop/st/atollic/truestudio for stm32 9.0.0/armtools/bin/../lib/gcc/arm-atollic-eabi/6.3.1/../../../../arm-atollic-eabi/lib/armv7e-m/fpu\libc_nano.a(lib_a-nano-vfprintf_i.o)
                0x08006760                _printf_common
 .text._printf_i
                0x0800684c      0x240 c:/users/administrator/desktop/st/atollic/truestudio for stm32 9.0.0/armtools/bin/../lib/gcc/arm-atollic-eabi/6.3.1/../../../../arm-atollic-eabi/lib/armv7e-m/fpu\libc_nano.a(lib_a-nano-vfprintf_i.o)
                0x0800684c                _printf_i
 .text.memmove  0x08006a8c       0x34 c:/users/administrator/desktop/st/atollic/truestudio for stm32 9.0.0/armtools/bin/../lib/gcc/arm-atollic-eabi/6.3.1/../../../../arm-atollic-eabi/lib/armv7e-m/fpu\libc_nano.a(lib_a-memmove.o)
                0x08006a8c                memmove
 .text._realloc_r
                0x08006ac0       0x4c c:/users/administrator/desktop/st/atollic/truestudio for stm32 9.0.0/armtools/bin/../lib/gcc/arm-atollic-eabi/6.3.1/../../../../arm-atollic-eabi/lib/armv7e-m/fpu\libc_nano.a(lib_a-nano-reallocr.o)
                0x08006ac0                _realloc_r
 .text._malloc_usable_size_r
                0x08006b0c       0x12 c:/users/administrator/desktop/st/atollic/truestudio for stm32 9.0.0/armtools/bin/../lib/gcc/arm-atollic-eabi/6.3.1/../../../../arm-atollic-eabi/lib/armv7e-m/fpu\libc_nano.a(lib_a-nano-msizer.o)
                0x08006b0c                _malloc_usable_size_r
 *fill*         0x08006b1e        0x2 
 .text._sbrk    0x08006b20       0x1c c:/users/administrator/desktop/st/atollic/truestudio for stm32 9.0.0/armtools/bin/../lib/gcc/arm-atollic-eabi/6.3.1/../../../../arm-atollic-eabi/lib/armv7e-m/fpu\libnosys.a(sbrk.o)
                0x08006b20                _sbrk
 *(.glue_7)
 .glue_7        0x08006b3c        0x0 linker stubs
 *(.glue_7t)
 .glue_7t       0x08006b3c        0x0 linker stubs
 *(.eh_frame)
 .eh_frame      0x08006b3c        0x0 c:/users/administrator/desktop/st/atollic/truestudio for stm32 9.0.0/armtools/bin/../lib/gcc/arm-atollic-eabi/6.3.1/armv7e-m/fpu/crtbegin.o
 *(.init)
 .init          0x08006b3c        0x4 c:/users/administrator/desktop/st/atollic/truestudio for stm32 9.0.0/armtools/bin/../lib/gcc/arm-atollic-eabi/6.3.1/armv7e-m/fpu/crti.o
                0x08006b3c                _init
 .init          0x08006b40        0x8 c:/users/administrator/desktop/st/atollic/truestudio for stm32 9.0.0/armtools/bin/../lib/gcc/arm-atollic-eabi/6.3.1/armv7e-m/fpu/crtn.o
 *(.fini)
 .fini          0x08006b48        0x4 c:/users/administrator/desktop/st/atollic/truestudio for stm32 9.0.0/armtools/bin/../lib/gcc/arm-atollic-eabi/6.3.1/armv7e-m/fpu/crti.o
                0x08006b48                _fini
 .fini          0x08006b4c        0x8 c:/users/administrator/desktop/st/atollic/truestudio for stm32 9.0.0/armtools/bin/../lib/gcc/arm-atollic-eabi/6.3.1/armv7e-m/fpu/crtn.o
                0x08006b54                . = ALIGN (0x4)
                0x08006b54                _etext = .

.vfp11_veneer   0x08006b54        0x0
 .vfp11_veneer  0x08006b54        0x0 linker stubs

.v4_bx          0x08006b54        0x0
 .v4_bx         0x08006b54        0x0 linker stubs

.iplt           0x08006b54        0x0
 .iplt          0x08006b54        0x0 c:/users/administrator/desktop/st/atollic/truestudio for stm32 9.0.0/armtools/bin/../lib/gcc/arm-atollic-eabi/6.3.1/armv7e-m/fpu/crtbegin.o

.rodata         0x08006b54      0x1fc
                0x08006b54                . = ALIGN (0x4)
 *(.rodata)
 .rodata        0x08006b54       0xa8 Src\main.o
 *(.rodata*)
 .rodata.CSWTCH.23
                0x08006bfc       0x64 Drivers\BSP\Components\lis3dsh\lis3dsh.o
 .rodata.GPIO_PIN
                0x08006c60        0x8 Drivers\BSP\STM32F4-Discovery\stm32f4_discovery.o
                0x08006c60                GPIO_PIN
 .rodata.vTaskStartScheduler.str1.1
                0x08006c68        0x5 Middlewares\Third_Party\FreeRTOS\Source\tasks.o
 .rodata.USB_Task.str1.1
                0x08006c6d       0x22 Src\main.o
 .rodata.str1.1
                0x08006c8f        0xe Src\main.o
 .rodata.AHBPrescTable
                0x08006c9d       0x10 Src\system_stm32f4xx.o
                0x08006c9d                AHBPrescTable
 .rodata.APBPrescTable
                0x08006cad        0x8 Src\system_stm32f4xx.o
                0x08006cad                APBPrescTable
 .rodata.CSWTCH.39
                0x08006cb5        0x4 Src\usbd_conf.o
 .rodata.USBD_LL_Init.str1.1
                0x08006cb9       0x13 Src\usbd_conf.o
 .rodata.USBD_FS_ConfigStrDescriptor.str1.1
                0x08006ccc        0xb Src\usbd_desc.o
 .rodata.USBD_FS_InterfaceStrDescriptor.str1.1
                0x08006cd7        0xe Src\usbd_desc.o
 .rodata.USBD_FS_ManufacturerStrDescriptor.str1.1
                0x08006ce5       0x13 Src\usbd_desc.o
 .rodata.USBD_FS_ProductStrDescriptor.str1.1
                0x08006cf8       0x16 Src\usbd_desc.o
 .rodata.USBD_FS_SerialStrDescriptor.str1.1
                0x08006d0e        0xd Src\usbd_desc.o
 .rodata._svfprintf_r.str1.1
                0x08006d1b       0x11 c:/users/administrator/desktop/st/atollic/truestudio for stm32 9.0.0/armtools/bin/../lib/gcc/arm-atollic-eabi/6.3.1/../../../../arm-atollic-eabi/lib/armv7e-m/fpu\libc_nano.a(lib_a-nano-svfprintf.o)
 .rodata._printf_i.str1.1
                0x08006d2c       0x22 c:/users/administrator/desktop/st/atollic/truestudio for stm32 9.0.0/armtools/bin/../lib/gcc/arm-atollic-eabi/6.3.1/../../../../arm-atollic-eabi/lib/armv7e-m/fpu\libc_nano.a(lib_a-nano-vfprintf_i.o)
                0x08006d50                . = ALIGN (0x4)
 *fill*         0x08006d4e        0x2 

.ARM.extab
 *(.ARM.extab* .gnu.linkonce.armextab.*)

.ARM            0x08006d50        0x8
                0x08006d50                __exidx_start = .
 *(.ARM.exidx*)
 .ARM.exidx     0x08006d50        0x8 c:/users/administrator/desktop/st/atollic/truestudio for stm32 9.0.0/armtools/bin/../lib/gcc/arm-atollic-eabi/6.3.1/armv7e-m/fpu\libgcc.a(_udivmoddi4.o)
                0x08006d58                __exidx_end = .

.rel.dyn        0x08006d58        0x0
 .rel.iplt      0x08006d58        0x0 c:/users/administrator/desktop/st/atollic/truestudio for stm32 9.0.0/armtools/bin/../lib/gcc/arm-atollic-eabi/6.3.1/armv7e-m/fpu/crtbegin.o

.preinit_array  0x08006d58        0x0
                0x08006d58                PROVIDE (__preinit_array_start, .)
 *(.preinit_array*)
                0x08006d58                PROVIDE (__preinit_array_end, .)

.init_array     0x08006d58        0x4
                0x08006d58                PROVIDE (__init_array_start, .)
 *(SORT(.init_array.*))
 *(.init_array*)
 .init_array    0x08006d58        0x4 c:/users/administrator/desktop/st/atollic/truestudio for stm32 9.0.0/armtools/bin/../lib/gcc/arm-atollic-eabi/6.3.1/armv7e-m/fpu/crtbegin.o
                0x08006d5c                PROVIDE (__init_array_end, .)

.fini_array     0x08006d5c        0x4
                [!provide]                PROVIDE (__fini_array_start, .)
 *(SORT(.fini_array.*))
 *(.fini_array*)
 .fini_array    0x08006d5c        0x4 c:/users/administrator/desktop/st/atollic/truestudio for stm32 9.0.0/armtools/bin/../lib/gcc/arm-atollic-eabi/6.3.1/armv7e-m/fpu/crtbegin.o
                [!provide]                PROVIDE (__fini_array_end, .)
                0x08006d60                _sidata = LOADADDR (.data)

.data           0x20000000      0x244 load address 0x08006d60
                0x20000000                . = ALIGN (0x4)
                0x20000000                _sdata = .
 *(.data)
 *(.data*)
 .data.Lis302dlDrv
                0x20000000       0x34 Drivers\BSP\Components\lis302dl\lis302dl.o
                0x20000000                Lis302dlDrv
 .data.Lis3dshDrv
                0x20000034       0x34 Drivers\BSP\Components\lis3dsh\lis3dsh.o
                0x20000034                Lis3dshDrv
 .data.GPIO_PORT
                0x20000068       0x10 Drivers\BSP\STM32F4-Discovery\stm32f4_discovery.o
                0x20000068                GPIO_PORT
 .data.SpixTimeout
                0x20000078        0x4 Drivers\BSP\STM32F4-Discovery\stm32f4_discovery.o
                0x20000078                SpixTimeout
 .data.uwTickFreq
                0x2000007c        0x1 Drivers\STM32F4xx_HAL_Driver\Src\stm32f4xx_hal.o
                0x2000007c                uwTickFreq
 *fill*         0x2000007d        0x3 
 .data.USBD_CDC
                0x20000080       0x38 Middlewares\ST\STM32_USB_Device_Library\Class\CDC\Src\usbd_cdc.o
                0x20000080                USBD_CDC
 .data.USBD_CDC_CfgFSDesc
                0x200000b8       0x43 Middlewares\ST\STM32_USB_Device_Library\Class\CDC\Src\usbd_cdc.o
                0x200000b8                USBD_CDC_CfgFSDesc
 *fill*         0x200000fb        0x1 
 .data.USBD_CDC_CfgHSDesc
                0x200000fc       0x43 Middlewares\ST\STM32_USB_Device_Library\Class\CDC\Src\usbd_cdc.o
                0x200000fc                USBD_CDC_CfgHSDesc
 *fill*         0x2000013f        0x1 
 .data.USBD_CDC_DeviceQualifierDesc
                0x20000140        0xa Middlewares\ST\STM32_USB_Device_Library\Class\CDC\Src\usbd_cdc.o
 *fill*         0x2000014a        0x2 
 .data.USBD_CDC_OtherSpeedCfgDesc
                0x2000014c       0x43 Middlewares\ST\STM32_USB_Device_Library\Class\CDC\Src\usbd_cdc.o
                0x2000014c                USBD_CDC_OtherSpeedCfgDesc
 *fill*         0x2000018f        0x1 
 .data.uxCriticalNesting
                0x20000190        0x4 Middlewares\Third_Party\FreeRTOS\Source\portable\GCC\ARM_CM4F\port.o
 .data.ThresholdHigh
                0x20000194        0x2 Src\main.o
                0x20000194                ThresholdHigh
 .data.ThresholdLow
                0x20000196        0x2 Src\main.o
                0x20000196                ThresholdLow
 .data.SystemCoreClock
                0x20000198        0x4 Src\system_stm32f4xx.o
                0x20000198                SystemCoreClock
 .data.USBD_Interface_fops_FS
                0x2000019c       0x10 Src\usbd_cdc_if.o
                0x2000019c                USBD_Interface_fops_FS
 .data.FS_Desc  0x200001ac       0x1c Src\usbd_desc.o
                0x200001ac                FS_Desc
 .data.USBD_FS_DeviceDesc
                0x200001c8       0x12 Src\usbd_desc.o
                0x200001c8                USBD_FS_DeviceDesc
 *fill*         0x200001da        0x2 
 .data.USBD_LangIDDesc
                0x200001dc        0x4 Src\usbd_desc.o
                0x200001dc                USBD_LangIDDesc
 .data._impure_ptr
                0x200001e0        0x4 c:/users/administrator/desktop/st/atollic/truestudio for stm32 9.0.0/armtools/bin/../lib/gcc/arm-atollic-eabi/6.3.1/../../../../arm-atollic-eabi/lib/armv7e-m/fpu\libc_nano.a(lib_a-impure.o)
                0x200001e0                _impure_ptr
 .data.impure_data
                0x200001e4       0x60 c:/users/administrator/desktop/st/atollic/truestudio for stm32 9.0.0/armtools/bin/../lib/gcc/arm-atollic-eabi/6.3.1/../../../../arm-atollic-eabi/lib/armv7e-m/fpu\libc_nano.a(lib_a-impure.o)
                0x20000244                . = ALIGN (0x4)
                0x20000244                _edata = .
                0x08006fa4                _siccmram = LOADADDR (.ccmram)

.igot.plt       0x20000244        0x0 load address 0x08006fa4
 .igot.plt      0x20000244        0x0 c:/users/administrator/desktop/st/atollic/truestudio for stm32 9.0.0/armtools/bin/../lib/gcc/arm-atollic-eabi/6.3.1/armv7e-m/fpu/crtbegin.o

.ccmram         0x10000000        0x0 load address 0x08006fa4
                0x10000000                . = ALIGN (0x4)
                0x10000000                _sccmram = .
 *(.ccmram)
 *(.ccmram*)
                0x10000000                . = ALIGN (0x4)
                0x10000000                _eccmram = .
                0x10000000                . = ALIGN (0x4)

.bss            0x20000244     0x47b0
                0x20000244                _sbss = .
                0x20000244                __bss_start__ = _sbss
 *(.bss)
 .bss           0x20000244       0x1c c:/users/administrator/desktop/st/atollic/truestudio for stm32 9.0.0/armtools/bin/../lib/gcc/arm-atollic-eabi/6.3.1/armv7e-m/fpu/crtbegin.o
 *(.bss*)
 .bss.SpiHandle
                0x20000260       0x58 Drivers\BSP\STM32F4-Discovery\stm32f4_discovery.o
 .bss.AcceleroDrv
                0x200002b8        0x4 Drivers\BSP\STM32F4-Discovery\stm32f4_discovery_accelerometer.o
 .bss.ifalt.10282
                0x200002bc        0x1 Middlewares\ST\STM32_USB_Device_Library\Class\CDC\Src\usbd_cdc.o
 .bss.cfgidx.10287
                0x200002bd        0x1 Middlewares\ST\STM32_USB_Device_Library\Core\Src\usbd_ctlreq.o
 .bss.ucMaxSysCallPriority
                0x200002be        0x1 Middlewares\Third_Party\FreeRTOS\Source\portable\GCC\ARM_CM4F\port.o
 *fill*         0x200002bf        0x1 
 .bss.ulMaxPRIGROUPValue
                0x200002c0        0x4 Middlewares\Third_Party\FreeRTOS\Source\portable\GCC\ARM_CM4F\port.o
 .bss.pxEnd     0x200002c4        0x4 Middlewares\Third_Party\FreeRTOS\Source\portable\MemMang\heap_4.o
 .bss.ucHeap    0x200002c8     0x3c00 Middlewares\Third_Party\FreeRTOS\Source\portable\MemMang\heap_4.o
 .bss.xBlockAllocatedBit
                0x20003ec8        0x4 Middlewares\Third_Party\FreeRTOS\Source\portable\MemMang\heap_4.o
 .bss.xFreeBytesRemaining
                0x20003ecc        0x4 Middlewares\Third_Party\FreeRTOS\Source\portable\MemMang\heap_4.o
 .bss.xMinimumEverFreeBytesRemaining
                0x20003ed0        0x4 Middlewares\Third_Party\FreeRTOS\Source\portable\MemMang\heap_4.o
 .bss.xStart    0x20003ed4        0x8 Middlewares\Third_Party\FreeRTOS\Source\portable\MemMang\heap_4.o
 .bss.pxCurrentTCB
                0x20003edc        0x4 Middlewares\Third_Party\FreeRTOS\Source\tasks.o
                0x20003edc                pxCurrentTCB
 .bss.pxDelayedTaskList
                0x20003ee0        0x4 Middlewares\Third_Party\FreeRTOS\Source\tasks.o
 .bss.pxOverflowDelayedTaskList
                0x20003ee4        0x4 Middlewares\Third_Party\FreeRTOS\Source\tasks.o
 .bss.pxReadyTasksLists
                0x20003ee8       0x8c Middlewares\Third_Party\FreeRTOS\Source\tasks.o
 .bss.uxCurrentNumberOfTasks
                0x20003f74        0x4 Middlewares\Third_Party\FreeRTOS\Source\tasks.o
 .bss.uxDeletedTasksWaitingCleanUp
                0x20003f78        0x4 Middlewares\Third_Party\FreeRTOS\Source\tasks.o
 .bss.uxPendedTicks
                0x20003f7c        0x4 Middlewares\Third_Party\FreeRTOS\Source\tasks.o
 .bss.uxSchedulerSuspended
                0x20003f80        0x4 Middlewares\Third_Party\FreeRTOS\Source\tasks.o
 .bss.uxTaskNumber
                0x20003f84        0x4 Middlewares\Third_Party\FreeRTOS\Source\tasks.o
 .bss.uxTopReadyPriority
                0x20003f88        0x4 Middlewares\Third_Party\FreeRTOS\Source\tasks.o
 .bss.xDelayedTaskList1
                0x20003f8c       0x14 Middlewares\Third_Party\FreeRTOS\Source\tasks.o
 .bss.xDelayedTaskList2
                0x20003fa0       0x14 Middlewares\Third_Party\FreeRTOS\Source\tasks.o
 .bss.xIdleTaskHandle
                0x20003fb4        0x4 Middlewares\Third_Party\FreeRTOS\Source\tasks.o
 .bss.xNextTaskUnblockTime
                0x20003fb8        0x4 Middlewares\Third_Party\FreeRTOS\Source\tasks.o
 .bss.xNumOfOverflows
                0x20003fbc        0x4 Middlewares\Third_Party\FreeRTOS\Source\tasks.o
 .bss.xPendingReadyList
                0x20003fc0       0x14 Middlewares\Third_Party\FreeRTOS\Source\tasks.o
 .bss.xSchedulerRunning
                0x20003fd4        0x4 Middlewares\Third_Party\FreeRTOS\Source\tasks.o
 .bss.xSuspendedTaskList
                0x20003fd8       0x14 Middlewares\Third_Party\FreeRTOS\Source\tasks.o
 .bss.xTasksWaitingTermination
                0x20003fec       0x14 Middlewares\Third_Party\FreeRTOS\Source\tasks.o
 .bss.xTickCount
                0x20004000        0x4 Middlewares\Third_Party\FreeRTOS\Source\tasks.o
 .bss.xYieldPending
                0x20004004        0x4 Middlewares\Third_Party\FreeRTOS\Source\tasks.o
 .bss.__malloc_free_list
                0x20004008        0x4 c:/users/administrator/desktop/st/atollic/truestudio for stm32 9.0.0/armtools/bin/../lib/gcc/arm-atollic-eabi/6.3.1/../../../../arm-atollic-eabi/lib/armv7e-m/fpu\libc_nano.a(lib_a-nano-mallocr.o)
                0x20004008                __malloc_free_list
 .bss.__malloc_sbrk_start
                0x2000400c        0x4 c:/users/administrator/desktop/st/atollic/truestudio for stm32 9.0.0/armtools/bin/../lib/gcc/arm-atollic-eabi/6.3.1/../../../../arm-atollic-eabi/lib/armv7e-m/fpu\libc_nano.a(lib_a-nano-mallocr.o)
                0x2000400c                __malloc_sbrk_start
 .bss.heap_end.5239
                0x20004010        0x4 c:/users/administrator/desktop/st/atollic/truestudio for stm32 9.0.0/armtools/bin/../lib/gcc/arm-atollic-eabi/6.3.1/../../../../arm-atollic-eabi/lib/armv7e-m/fpu\libnosys.a(sbrk.o)
 *(COMMON)
 COMMON         0x20004014        0x4 Drivers\STM32F4xx_HAL_Driver\Src\stm32f4xx_hal.o
                0x20004014                uwTick
 COMMON         0x20004018      0x100 Src\main.o
                0x20004018                Task02Handle
                0x2000401c                hi2c1
                0x20004070                Task01Handle
                0x20004074                myMailQID
                0x20004078                hspi1
                0x200040d0                hi2s3
 COMMON         0x20004118       0x3c Src\stm32f4xx_hal_timebase_TIM.o
                0x20004118                htim6
 COMMON         0x20004154      0x224 Src\usb_device.o
                0x20004154                hUsbDeviceFS
 COMMON         0x20004378       0x87 Src\usbd_cdc_if.o
                0x20004378                UserRxBufferFS
                0x200043b8                UserTxBufferFS
                0x200043f8                TempBuf_USB
 *fill*         0x200043ff        0x1 
 COMMON         0x20004400      0x3f0 Src\usbd_conf.o
                0x20004400                hpcd_USB_OTG_FS
 COMMON         0x200047f0      0x200 Src\usbd_desc.o
                0x200047f0                USBD_StrDesc
 COMMON         0x200049f0        0x4 c:/users/administrator/desktop/st/atollic/truestudio for stm32 9.0.0/armtools/bin/../lib/gcc/arm-atollic-eabi/6.3.1/../../../../arm-atollic-eabi/lib/armv7e-m/fpu\libc_nano.a(lib_a-reent.o)
                0x200049f0                errno
                0x200049f4                . = ALIGN (0x4)
                0x200049f4                _ebss = .
                0x200049f4                __bss_end__ = _ebss

._user_heap_stack
                0x200049f4      0x600
                0x200049f4                . = ALIGN (0x4)
                0x200049f4                PROVIDE (end, .)
                [!provide]                PROVIDE (_end, .)
                0x20004bf4                . = (. + _Min_Heap_Size)
 *fill*         0x200049f4      0x200 
                0x20004ff4                . = (. + _Min_Stack_Size)
 *fill*         0x20004bf4      0x400 
                0x20004ff4                . = ALIGN (0x4)

/DISCARD/
 libc.a(*)
 libm.a(*)
 libgcc.a(*)

.ARM.attributes
                0x00000000       0x30
 *(.ARM.attributes)
 .ARM.attributes
                0x00000000       0x22 c:/users/administrator/desktop/st/atollic/truestudio for stm32 9.0.0/armtools/bin/../lib/gcc/arm-atollic-eabi/6.3.1/armv7e-m/fpu/crti.o
 .ARM.attributes
                0x00000022       0x34 c:/users/administrator/desktop/st/atollic/truestudio for stm32 9.0.0/armtools/bin/../lib/gcc/arm-atollic-eabi/6.3.1/armv7e-m/fpu/crtbegin.o
 .ARM.attributes
                0x00000056       0x39 Drivers\BSP\Components\lis302dl\lis302dl.o
 .ARM.attributes
                0x0000008f       0x39 Drivers\BSP\Components\lis3dsh\lis3dsh.o
 .ARM.attributes
                0x000000c8       0x39 Drivers\BSP\STM32F4-Discovery\stm32f4_discovery.o
 .ARM.attributes
                0x00000101       0x39 Drivers\BSP\STM32F4-Discovery\stm32f4_discovery_accelerometer.o
 .ARM.attributes
                0x0000013a       0x39 Drivers\STM32F4xx_HAL_Driver\Src\stm32f4xx_hal.o
 .ARM.attributes
                0x00000173       0x39 Drivers\STM32F4xx_HAL_Driver\Src\stm32f4xx_hal_cortex.o
 .ARM.attributes
                0x000001ac       0x39 Drivers\STM32F4xx_HAL_Driver\Src\stm32f4xx_hal_gpio.o
 .ARM.attributes
                0x000001e5       0x39 Drivers\STM32F4xx_HAL_Driver\Src\stm32f4xx_hal_i2c.o
 .ARM.attributes
                0x0000021e       0x39 Drivers\STM32F4xx_HAL_Driver\Src\stm32f4xx_hal_i2s.o
 .ARM.attributes
                0x00000257       0x39 Drivers\STM32F4xx_HAL_Driver\Src\stm32f4xx_hal_i2s_ex.o
 .ARM.attributes
                0x00000290       0x39 Drivers\STM32F4xx_HAL_Driver\Src\stm32f4xx_hal_pcd.o
 .ARM.attributes
                0x000002c9       0x39 Drivers\STM32F4xx_HAL_Driver\Src\stm32f4xx_hal_pcd_ex.o
 .ARM.attributes
                0x00000302       0x39 Drivers\STM32F4xx_HAL_Driver\Src\stm32f4xx_hal_rcc.o
 .ARM.attributes
                0x0000033b       0x39 Drivers\STM32F4xx_HAL_Driver\Src\stm32f4xx_hal_rcc_ex.o
 .ARM.attributes
                0x00000374       0x39 Drivers\STM32F4xx_HAL_Driver\Src\stm32f4xx_hal_spi.o
 .ARM.attributes
                0x000003ad       0x39 Drivers\STM32F4xx_HAL_Driver\Src\stm32f4xx_hal_tim.o
 .ARM.attributes
                0x000003e6       0x39 Drivers\STM32F4xx_HAL_Driver\Src\stm32f4xx_hal_tim_ex.o
 .ARM.attributes
                0x0000041f       0x39 Drivers\STM32F4xx_HAL_Driver\Src\stm32f4xx_ll_usb.o
 .ARM.attributes
                0x00000458       0x39 Middlewares\ST\STM32_USB_Device_Library\Class\CDC\Src\usbd_cdc.o
 .ARM.attributes
                0x00000491       0x39 Middlewares\ST\STM32_USB_Device_Library\Core\Src\usbd_core.o
 .ARM.attributes
                0x000004ca       0x39 Middlewares\ST\STM32_USB_Device_Library\Core\Src\usbd_ctlreq.o
 .ARM.attributes
                0x00000503       0x39 Middlewares\ST\STM32_USB_Device_Library\Core\Src\usbd_ioreq.o
 .ARM.attributes
                0x0000053c       0x39 Middlewares\Third_Party\FreeRTOS\Source\CMSIS_RTOS\cmsis_os.o
 .ARM.attributes
                0x00000575       0x39 Middlewares\Third_Party\FreeRTOS\Source\list.o
 .ARM.attributes
                0x000005ae       0x39 Middlewares\Third_Party\FreeRTOS\Source\portable\GCC\ARM_CM4F\port.o
 .ARM.attributes
                0x000005e7       0x39 Middlewares\Third_Party\FreeRTOS\Source\portable\MemMang\heap_4.o
 .ARM.attributes
                0x00000620       0x39 Middlewares\Third_Party\FreeRTOS\Source\queue.o
 .ARM.attributes
                0x00000659       0x39 Middlewares\Third_Party\FreeRTOS\Source\tasks.o
 .ARM.attributes
                0x00000692       0x39 Src\main.o
 .ARM.attributes
                0x000006cb       0x39 Src\stm32f4xx_hal_msp.o
 .ARM.attributes
                0x00000704       0x39 Src\stm32f4xx_hal_timebase_TIM.o
 .ARM.attributes
                0x0000073d       0x39 Src\stm32f4xx_it.o
 .ARM.attributes
                0x00000776       0x39 Src\system_stm32f4xx.o
 .ARM.attributes
                0x000007af       0x39 Src\usb_device.o
 .ARM.attributes
                0x000007e8       0x39 Src\usbd_cdc_if.o
 .ARM.attributes
                0x00000821       0x39 Src\usbd_conf.o
 .ARM.attributes
                0x0000085a       0x39 Src\usbd_desc.o
 .ARM.attributes
                0x00000893       0x21 startup\startup_stm32f407xx.o
 .ARM.attributes
                0x000008b4       0x34 c:/users/administrator/desktop/st/atollic/truestudio for stm32 9.0.0/armtools/bin/../lib/gcc/arm-atollic-eabi/6.3.1/../../../../arm-atollic-eabi/lib/armv7e-m/fpu\libc_nano.a(lib_a-init.o)
 .ARM.attributes
                0x000008e8       0x34 c:/users/administrator/desktop/st/atollic/truestudio for stm32 9.0.0/armtools/bin/../lib/gcc/arm-atollic-eabi/6.3.1/../../../../arm-atollic-eabi/lib/armv7e-m/fpu\libc_nano.a(lib_a-malloc.o)
 .ARM.attributes
                0x0000091c       0x34 c:/users/administrator/desktop/st/atollic/truestudio for stm32 9.0.0/armtools/bin/../lib/gcc/arm-atollic-eabi/6.3.1/../../../../arm-atollic-eabi/lib/armv7e-m/fpu\libc_nano.a(lib_a-memcpy-stub.o)
 .ARM.attributes
                0x00000950       0x34 c:/users/administrator/desktop/st/atollic/truestudio for stm32 9.0.0/armtools/bin/../lib/gcc/arm-atollic-eabi/6.3.1/../../../../arm-atollic-eabi/lib/armv7e-m/fpu\libc_nano.a(lib_a-memset.o)
 .ARM.attributes
                0x00000984       0x34 c:/users/administrator/desktop/st/atollic/truestudio for stm32 9.0.0/armtools/bin/../lib/gcc/arm-atollic-eabi/6.3.1/../../../../arm-atollic-eabi/lib/armv7e-m/fpu\libc_nano.a(lib_a-nano-freer.o)
 .ARM.attributes
                0x000009b8       0x34 c:/users/administrator/desktop/st/atollic/truestudio for stm32 9.0.0/armtools/bin/../lib/gcc/arm-atollic-eabi/6.3.1/../../../../arm-atollic-eabi/lib/armv7e-m/fpu\libc_nano.a(lib_a-nano-mallocr.o)
 .ARM.attributes
                0x000009ec       0x34 c:/users/administrator/desktop/st/atollic/truestudio for stm32 9.0.0/armtools/bin/../lib/gcc/arm-atollic-eabi/6.3.1/../../../../arm-atollic-eabi/lib/armv7e-m/fpu\libc_nano.a(lib_a-sbrkr.o)
 .ARM.attributes
                0x00000a20       0x34 c:/users/administrator/desktop/st/atollic/truestudio for stm32 9.0.0/armtools/bin/../lib/gcc/arm-atollic-eabi/6.3.1/../../../../arm-atollic-eabi/lib/armv7e-m/fpu\libc_nano.a(lib_a-snprintf.o)
 .ARM.attributes
                0x00000a54       0x1b c:/users/administrator/desktop/st/atollic/truestudio for stm32 9.0.0/armtools/bin/../lib/gcc/arm-atollic-eabi/6.3.1/../../../../arm-atollic-eabi/lib/armv7e-m/fpu\libc_nano.a(lib_a-strlen.o)
 .ARM.attributes
                0x00000a6f       0x34 c:/users/administrator/desktop/st/atollic/truestudio for stm32 9.0.0/armtools/bin/../lib/gcc/arm-atollic-eabi/6.3.1/../../../../arm-atollic-eabi/lib/armv7e-m/fpu\libc_nano.a(lib_a-impure.o)
 .ARM.attributes
                0x00000aa3       0x34 c:/users/administrator/desktop/st/atollic/truestudio for stm32 9.0.0/armtools/bin/../lib/gcc/arm-atollic-eabi/6.3.1/../../../../arm-atollic-eabi/lib/armv7e-m/fpu\libc_nano.a(lib_a-mlock.o)
 .ARM.attributes
                0x00000ad7       0x34 c:/users/administrator/desktop/st/atollic/truestudio for stm32 9.0.0/armtools/bin/../lib/gcc/arm-atollic-eabi/6.3.1/../../../../arm-atollic-eabi/lib/armv7e-m/fpu\libc_nano.a(lib_a-nano-svfprintf.o)
 .ARM.attributes
                0x00000b0b       0x34 c:/users/administrator/desktop/st/atollic/truestudio for stm32 9.0.0/armtools/bin/../lib/gcc/arm-atollic-eabi/6.3.1/../../../../arm-atollic-eabi/lib/armv7e-m/fpu\libc_nano.a(lib_a-nano-vfprintf_i.o)
 .ARM.attributes
                0x00000b3f       0x34 c:/users/administrator/desktop/st/atollic/truestudio for stm32 9.0.0/armtools/bin/../lib/gcc/arm-atollic-eabi/6.3.1/../../../../arm-atollic-eabi/lib/armv7e-m/fpu\libc_nano.a(lib_a-reent.o)
 .ARM.attributes
                0x00000b73       0x20 c:/users/administrator/desktop/st/atollic/truestudio for stm32 9.0.0/armtools/bin/../lib/gcc/arm-atollic-eabi/6.3.1/../../../../arm-atollic-eabi/lib/armv7e-m/fpu\libc_nano.a(lib_a-memchr.o)
 .ARM.attributes
                0x00000b93       0x34 c:/users/administrator/desktop/st/atollic/truestudio for stm32 9.0.0/armtools/bin/../lib/gcc/arm-atollic-eabi/6.3.1/../../../../arm-atollic-eabi/lib/armv7e-m/fpu\libc_nano.a(lib_a-memmove.o)
 .ARM.attributes
                0x00000bc7       0x34 c:/users/administrator/desktop/st/atollic/truestudio for stm32 9.0.0/armtools/bin/../lib/gcc/arm-atollic-eabi/6.3.1/../../../../arm-atollic-eabi/lib/armv7e-m/fpu\libc_nano.a(lib_a-nano-reallocr.o)
 .ARM.attributes
                0x00000bfb       0x34 c:/users/administrator/desktop/st/atollic/truestudio for stm32 9.0.0/armtools/bin/../lib/gcc/arm-atollic-eabi/6.3.1/../../../../arm-atollic-eabi/lib/armv7e-m/fpu\libc_nano.a(lib_a-nano-msizer.o)
 .ARM.attributes
                0x00000c2f       0x22 c:/users/administrator/desktop/st/atollic/truestudio for stm32 9.0.0/armtools/bin/../lib/gcc/arm-atollic-eabi/6.3.1/armv7e-m/fpu\libgcc.a(_aeabi_uldivmod.o)
 .ARM.attributes
                0x00000c51       0x34 c:/users/administrator/desktop/st/atollic/truestudio for stm32 9.0.0/armtools/bin/../lib/gcc/arm-atollic-eabi/6.3.1/armv7e-m/fpu\libgcc.a(_udivmoddi4.o)
 .ARM.attributes
                0x00000c85       0x22 c:/users/administrator/desktop/st/atollic/truestudio for stm32 9.0.0/armtools/bin/../lib/gcc/arm-atollic-eabi/6.3.1/armv7e-m/fpu\libgcc.a(_dvmd_tls.o)
 .ARM.attributes
                0x00000ca7       0x34 c:/users/administrator/desktop/st/atollic/truestudio for stm32 9.0.0/armtools/bin/../lib/gcc/arm-atollic-eabi/6.3.1/../../../../arm-atollic-eabi/lib/armv7e-m/fpu\libnosys.a(sbrk.o)
 .ARM.attributes
                0x00000cdb       0x22 c:/users/administrator/desktop/st/atollic/truestudio for stm32 9.0.0/armtools/bin/../lib/gcc/arm-atollic-eabi/6.3.1/armv7e-m/fpu/crtn.o
OUTPUT(F4-Gyro-RTOS.elf elf32-littlearm)

.debug_info     0x00000000    0x364eb
 .debug_info    0x00000000      0x82a Drivers\BSP\Components\lis302dl\lis302dl.o
 .debug_info    0x0000082a      0x8aa Drivers\BSP\Components\lis3dsh\lis3dsh.o
 .debug_info    0x000010d4     0x2259 Drivers\BSP\STM32F4-Discovery\stm32f4_discovery.o
 .debug_info    0x0000332d      0xcc5 Drivers\BSP\STM32F4-Discovery\stm32f4_discovery_accelerometer.o
 .debug_info    0x00003ff2     0x11ec Drivers\STM32F4xx_HAL_Driver\Src\stm32f4xx_hal.o
 .debug_info    0x000051de     0x1744 Drivers\STM32F4xx_HAL_Driver\Src\stm32f4xx_hal_cortex.o
 .debug_info    0x00006922      0xf88 Drivers\STM32F4xx_HAL_Driver\Src\stm32f4xx_hal_gpio.o
 .debug_info    0x000078aa     0x378c Drivers\STM32F4xx_HAL_Driver\Src\stm32f4xx_hal_i2c.o
 .debug_info    0x0000b036     0x17ae Drivers\STM32F4xx_HAL_Driver\Src\stm32f4xx_hal_i2s.o
 .debug_info    0x0000c7e4     0x1599 Drivers\STM32F4xx_HAL_Driver\Src\stm32f4xx_hal_i2s_ex.o